../Core/Src/main.c:98:6:Task1	40	static
../Core/Src/main.c:115:6:Task2	40	static
../Core/Src/main.c:131:6:MSTTask1	32	static
../Core/Src/main.c:139:6:MSTTask2	32	static
../Core/Src/main.c:154:5:main	32	static
../Core/Src/main.c:294:6:SystemClock_Config	88	static
../Core/Src/main.c:341:13:MX_TIM10_Init	8	static
../Core/Src/main.c:372:13:MX_USART1_UART_Init	8	static
../Core/Src/main.c:405:13:MX_USART2_UART_Init	8	static
../Core/Src/main.c:438:13:MX_GPIO_Init	16	static
../Core/Src/main.c:464:6:StartDefaultTask	16	static
../Core/Src/main.c:483:6:HAL_TIM_PeriodElapsedCallback	16	static
../Core/Src/main.c:500:6:Error_Handler	4	static,ignoring_inline_asm
