../Core/Src/main.c:100:6:MSTTask1	16	static
../Core/Src/main.c:109:6:MSTTask2	16	static
../Core/Src/main.c:118:6:MSTTask3	16	static
../Core/Src/main.c:125:6:HAL_UART_TxCpltCallback	24	static
../Core/Src/main.c:139:5:main	32	static
../Core/Src/main.c:303:6:SystemClock_Config	88	static
../Core/Src/main.c:350:13:MX_TIM2_Init	32	static
../Core/Src/main.c:395:13:MX_TIM10_Init	8	static
../Core/Src/main.c:426:13:MX_USART1_UART_Init	8	static
../Core/Src/main.c:459:13:MX_USART2_UART_Init	8	static
../Core/Src/main.c:490:13:MX_DMA_Init	16	static
../Core/Src/main.c:508:13:MX_GPIO_Init	16	static
../Core/Src/main.c:534:6:StartDefaultTask	16	static
../Core/Src/main.c:553:6:HAL_TIM_PeriodElapsedCallback	16	static
../Core/Src/main.c:570:6:Error_Handler	4	static,ignoring_inline_asm
