../Core/Src/MSTScheduler.c:14:14:prvMSTSetupUSClock	4	static
../Core/Src/MSTScheduler.c:22:17:prvMSTGetUS	16	static
../Core/Src/MSTScheduler.c:152:19:prvPeriodicTaskCreate	48	static,ignoring_inline_asm
../Core/Src/MSTScheduler.c:211:19:prvAddItemToxTasksList	16	static
../Core/Src/MSTScheduler.c:229:14:vMSTPeriodicTaskCreate	152	static
../Core/Src/MSTScheduler.c:297:13:prvMSTPeriodicGenericJob	40	static,ignoring_inline_asm
../Core/Src/MSTScheduler.c:409:13:prvMSTPeriodicTimerCallback	24	static
../Core/Src/MSTScheduler.c:419:13:prvMSTSporadicTimerCallback	24	static
../Core/Src/MSTScheduler.c:432:12:vMSTSporadicTaskCreate	160	static
../Core/Src/MSTScheduler.c:480:19:getTaskRunTime	56	static
../Core/Src/MSTScheduler.c:488:13:prvMSTSporadicGenericJob	56	static,ignoring_inline_asm
../Core/Src/MSTScheduler.c:582:12:vMSTSporadicTaskRun	24	static
../Core/Src/MSTScheduler.c:598:12:prv_compare	24	static
../Core/Src/MSTScheduler.c:928:19:prvComputeOrderedPriorities	72	dynamic,ignoring_inline_asm
../Core/Src/MSTScheduler.c:998:6:vMSTSchedulerStart	8	static
../Core/Src/MSTScheduler.c:1054:19:prvAsmissionControlEDF	224	dynamic,ignoring_inline_asm
../Core/Src/MSTScheduler.c:1148:13:prvMSTDispatch	56	static,ignoring_inline_asm
