../Core/Src/MSTScheduler.c:14:14:prvMSTSetupUSClock	4	static
../Core/Src/MSTScheduler.c:22:17:prvMSTGetUS	16	static
../Core/Src/MSTScheduler.c:152:19:prvPeriodicTaskCreate	40	static,ignoring_inline_asm
../Core/Src/MSTScheduler.c:202:19:prvAddItemToxTasksList	16	static
../Core/Src/MSTScheduler.c:220:14:vMSTPeriodicTaskCreate	152	static
../Core/Src/MSTScheduler.c:288:13:prvMSTPeriodicGenericJob	40	static,ignoring_inline_asm
../Core/Src/MSTScheduler.c:400:13:prvMSTPeriodicTimerCallback	24	static
../Core/Src/MSTScheduler.c:423:12:vMSTSporadicTaskCreate	160	static
../Core/Src/MSTScheduler.c:470:19:getTaskRunTime	56	static
../Core/Src/MSTScheduler.c:478:13:prvMSTSporadicGenericJob	40	static,ignoring_inline_asm
../Core/Src/MSTScheduler.c:572:12:vMSTSporadicTaskRun	24	static
../Core/Src/MSTScheduler.c:588:12:prv_compare	24	static
../Core/Src/MSTScheduler.c:609:13:prvComputeSporadicServerProprierties	88	static,ignoring_inline_asm
../Core/Src/MSTScheduler.c:677:19:prvAsmissionControlSporadicServer	8	static
../Core/Src/MSTScheduler.c:711:13:prvMSTGenericReplenishmentTimerCallback	24	static
../Core/Src/MSTScheduler.c:723:13:prvMSTSporadicServerJob	80	static,ignoring_inline_asm
../Core/Src/MSTScheduler.c:817:19:prvComputeOrderedPriorities	80	dynamic,ignoring_inline_asm
../Core/Src/MSTScheduler.c:887:6:vMSTSchedulerStart	48	static,ignoring_inline_asm
../Core/Src/MSTScheduler.c:1029:13:prvMSTDispatch	40	static,ignoring_inline_asm
