../Core/Src/MSTScheduler.c:14:14:prvMSTSetupUSClock	4	static
../Core/Src/MSTScheduler.c:27:17:prvMSTGetUS	16	static
../Core/Src/MSTScheduler.c:145:19:prvPeriodicTaskCreate	40	static,ignoring_inline_asm
../Core/Src/MSTScheduler.c:169:14:vMSTPeriodicTaskCreate	152	static
../Core/Src/MSTScheduler.c:230:13:prvMSTPeriodicGenericJob	40	static,ignoring_inline_asm
../Core/Src/MSTScheduler.c:343:13:prvMSTPeriodicTimerCallback	24	static
../Core/Src/MSTScheduler.c:352:13:prvMSTSporadicTimerCallback	24	static
../Core/Src/MSTScheduler.c:362:12:vMSTSporadicTaskCreate	160	static
../Core/Src/MSTScheduler.c:402:13:prvMSTSporadicGenericJob	48	static,ignoring_inline_asm
../Core/Src/MSTScheduler.c:466:12:vMSTSporadicTaskRun	24	static
../Core/Src/MSTScheduler.c:483:12:prv_compare	24	static
../Core/Src/MSTScheduler.c:509:19:prvComputeOrderedPriorities	88	dynamic,ignoring_inline_asm
../Core/Src/MSTScheduler.c:557:6:vMSTSchedulerStart	8	static
../Core/Src/MSTScheduler.c:577:13:prvMSTDispatch	56	static,ignoring_inline_asm
