../Core/Src/MSTScheduler.c:14:14:prvMSTSetupUSClock	4	static
../Core/Src/MSTScheduler.c:22:17:prvMSTGetUS	16	static
../Core/Src/MSTScheduler.c:158:19:prvPeriodicTaskCreate	40	static,ignoring_inline_asm
../Core/Src/MSTScheduler.c:207:19:prvAddItemToxTasksList	16	static
../Core/Src/MSTScheduler.c:226:14:vMSTPeriodicTaskCreate	152	static
../Core/Src/MSTScheduler.c:284:13:prvMSTPeriodicGenericJob	40	static,ignoring_inline_asm
../Core/Src/MSTScheduler.c:397:13:prvMSTPeriodicTimerCallback	24	static
../Core/Src/MSTScheduler.c:406:13:prvMSTSporadicTimerCallback	24	static
../Core/Src/MSTScheduler.c:417:12:vMSTSporadicTaskCreate	160	static
../Core/Src/MSTScheduler.c:461:19:getTaskRunTime	56	static
../Core/Src/MSTScheduler.c:469:13:prvMSTSporadicGenericJob	40	static,ignoring_inline_asm
../Core/Src/MSTScheduler.c:562:12:vMSTSporadicTaskRun	24	static
../Core/Src/MSTScheduler.c:578:12:prv_compare	24	static
../Core/Src/MSTScheduler.c:599:13:prvComputeSporadicServerProprierties	88	static,ignoring_inline_asm
../Core/Src/MSTScheduler.c:666:19:prvAsmissionControlSporadicServer	8	static
../Core/Src/MSTScheduler.c:702:13:prvMSTGenericReplenishmentTimerCallback	24	static
../Core/Src/MSTScheduler.c:713:13:prvMSTSporadicServerJob	64	static,ignoring_inline_asm
../Core/Src/MSTScheduler.c:785:19:prvComputeOrderedPriorities	88	dynamic,ignoring_inline_asm
../Core/Src/MSTScheduler.c:834:6:vMSTSchedulerStart	48	static,ignoring_inline_asm
../Core/Src/MSTScheduler.c:979:13:prvMSTDispatch	40	static,ignoring_inline_asm
