../Core/Src/MSTScheduler.c:14:14:prvMSTSetupUSClock	4	static
../Core/Src/MSTScheduler.c:22:17:prvMSTGetUS	16	static
../Core/Src/MSTScheduler.c:158:19:prvPeriodicTaskCreate	40	static,ignoring_inline_asm
../Core/Src/MSTScheduler.c:204:14:vMSTPeriodicTaskCreate	152	static
../Core/Src/MSTScheduler.c:271:13:prvMSTPeriodicGenericJob	40	static,ignoring_inline_asm
../Core/Src/MSTScheduler.c:384:13:prvMSTPeriodicTimerCallback	24	static
../Core/Src/MSTScheduler.c:393:13:prvMSTSporadicTimerCallback	24	static
../Core/Src/MSTScheduler.c:404:12:vMSTSporadicTaskCreate	160	static
../Core/Src/MSTScheduler.c:448:19:getTaskRunTime	56	static
../Core/Src/MSTScheduler.c:456:13:prvMSTSporadicGenericJob	56	static,ignoring_inline_asm
../Core/Src/MSTScheduler.c:527:12:vMSTSporadicTaskRun	24	static
../Core/Src/MSTScheduler.c:543:12:prv_compare	24	static
../Core/Src/MSTScheduler.c:564:13:prvComputeSporadicServerProprierties	88	static,ignoring_inline_asm
../Core/Src/MSTScheduler.c:675:19:prvComputeOrderedPriorities	72	dynamic,ignoring_inline_asm
../Core/Src/MSTScheduler.c:714:6:vMSTSchedulerStart	8	static
../Core/Src/MSTScheduler.c:764:19:prvAsmissionControlEDF	160	dynamic,ignoring_inline_asm
../Core/Src/MSTScheduler.c:859:13:prvMSTDispatch	56	static,ignoring_inline_asm
