Archive member included to satisfy reference by file (symbol)

/Applications/STM32CubeIDE.app/Contents/Eclipse/plugins/com.st.stm32cube.ide.mcu.externaltools.gnu-tools-for-stm32.13.3.rel1.macos64_1.0.0.202411102158/tools/bin/../lib/gcc/arm-none-eabi/13.3.1/../../../../arm-none-eabi/lib/thumb/v7e-m+fp/hard/libc_nano.a(libc_a-exit.o)
                              /Applications/STM32CubeIDE.app/Contents/Eclipse/plugins/com.st.stm32cube.ide.mcu.externaltools.gnu-tools-for-stm32.13.3.rel1.macos64_1.0.0.202411102158/tools/bin/../lib/gcc/arm-none-eabi/13.3.1/../../../../arm-none-eabi/lib/thumb/v7e-m+fp/hard/crt0.o (exit)
/Applications/STM32CubeIDE.app/Contents/Eclipse/plugins/com.st.stm32cube.ide.mcu.externaltools.gnu-tools-for-stm32.13.3.rel1.macos64_1.0.0.202411102158/tools/bin/../lib/gcc/arm-none-eabi/13.3.1/../../../../arm-none-eabi/lib/thumb/v7e-m+fp/hard/libc_nano.a(libc_a-qsort.o)
                              ./Core/Src/MSTScheduler.o (qsort)
/Applications/STM32CubeIDE.app/Contents/Eclipse/plugins/com.st.stm32cube.ide.mcu.externaltools.gnu-tools-for-stm32.13.3.rel1.macos64_1.0.0.202411102158/tools/bin/../lib/gcc/arm-none-eabi/13.3.1/../../../../arm-none-eabi/lib/thumb/v7e-m+fp/hard/libc_nano.a(libc_a-snprintf.o)
                              ./Core/Src/main.o (snprintf)
/Applications/STM32CubeIDE.app/Contents/Eclipse/plugins/com.st.stm32cube.ide.mcu.externaltools.gnu-tools-for-stm32.13.3.rel1.macos64_1.0.0.202411102158/tools/bin/../lib/gcc/arm-none-eabi/13.3.1/../../../../arm-none-eabi/lib/thumb/v7e-m+fp/hard/libc_nano.a(libc_a-sprintf.o)
                              ./Middlewares/Third_Party/FreeRTOS/Source/tasks.o (sprintf)
/Applications/STM32CubeIDE.app/Contents/Eclipse/plugins/com.st.stm32cube.ide.mcu.externaltools.gnu-tools-for-stm32.13.3.rel1.macos64_1.0.0.202411102158/tools/bin/../lib/gcc/arm-none-eabi/13.3.1/../../../../arm-none-eabi/lib/thumb/v7e-m+fp/hard/libc_nano.a(libc_a-findfp.o)
                              ./Middlewares/Third_Party/FreeRTOS/Source/tasks.o (__sf)
/Applications/STM32CubeIDE.app/Contents/Eclipse/plugins/com.st.stm32cube.ide.mcu.externaltools.gnu-tools-for-stm32.13.3.rel1.macos64_1.0.0.202411102158/tools/bin/../lib/gcc/arm-none-eabi/13.3.1/../../../../arm-none-eabi/lib/thumb/v7e-m+fp/hard/libc_nano.a(libc_a-fwalk.o)
                              /Applications/STM32CubeIDE.app/Contents/Eclipse/plugins/com.st.stm32cube.ide.mcu.externaltools.gnu-tools-for-stm32.13.3.rel1.macos64_1.0.0.202411102158/tools/bin/../lib/gcc/arm-none-eabi/13.3.1/../../../../arm-none-eabi/lib/thumb/v7e-m+fp/hard/libc_nano.a(libc_a-findfp.o) (_fwalk_sglue)
/Applications/STM32CubeIDE.app/Contents/Eclipse/plugins/com.st.stm32cube.ide.mcu.externaltools.gnu-tools-for-stm32.13.3.rel1.macos64_1.0.0.202411102158/tools/bin/../lib/gcc/arm-none-eabi/13.3.1/../../../../arm-none-eabi/lib/thumb/v7e-m+fp/hard/libc_nano.a(libc_a-memset.o)
                              /Applications/STM32CubeIDE.app/Contents/Eclipse/plugins/com.st.stm32cube.ide.mcu.externaltools.gnu-tools-for-stm32.13.3.rel1.macos64_1.0.0.202411102158/tools/bin/../lib/gcc/arm-none-eabi/13.3.1/../../../../arm-none-eabi/lib/thumb/v7e-m+fp/hard/crt0.o (memset)
/Applications/STM32CubeIDE.app/Contents/Eclipse/plugins/com.st.stm32cube.ide.mcu.externaltools.gnu-tools-for-stm32.13.3.rel1.macos64_1.0.0.202411102158/tools/bin/../lib/gcc/arm-none-eabi/13.3.1/../../../../arm-none-eabi/lib/thumb/v7e-m+fp/hard/libc_nano.a(libc_a-errno.o)
                              ./Core/Src/syscalls.o (__errno)
/Applications/STM32CubeIDE.app/Contents/Eclipse/plugins/com.st.stm32cube.ide.mcu.externaltools.gnu-tools-for-stm32.13.3.rel1.macos64_1.0.0.202411102158/tools/bin/../lib/gcc/arm-none-eabi/13.3.1/../../../../arm-none-eabi/lib/thumb/v7e-m+fp/hard/libc_nano.a(libc_a-init.o)
                              /Applications/STM32CubeIDE.app/Contents/Eclipse/plugins/com.st.stm32cube.ide.mcu.externaltools.gnu-tools-for-stm32.13.3.rel1.macos64_1.0.0.202411102158/tools/bin/../lib/gcc/arm-none-eabi/13.3.1/../../../../arm-none-eabi/lib/thumb/v7e-m+fp/hard/crt0.o (__libc_init_array)
/Applications/STM32CubeIDE.app/Contents/Eclipse/plugins/com.st.stm32cube.ide.mcu.externaltools.gnu-tools-for-stm32.13.3.rel1.macos64_1.0.0.202411102158/tools/bin/../lib/gcc/arm-none-eabi/13.3.1/../../../../arm-none-eabi/lib/thumb/v7e-m+fp/hard/libc_nano.a(libc_a-lock.o)
                              /Applications/STM32CubeIDE.app/Contents/Eclipse/plugins/com.st.stm32cube.ide.mcu.externaltools.gnu-tools-for-stm32.13.3.rel1.macos64_1.0.0.202411102158/tools/bin/../lib/gcc/arm-none-eabi/13.3.1/../../../../arm-none-eabi/lib/thumb/v7e-m+fp/hard/libc_nano.a(libc_a-findfp.o) (__retarget_lock_init_recursive)
/Applications/STM32CubeIDE.app/Contents/Eclipse/plugins/com.st.stm32cube.ide.mcu.externaltools.gnu-tools-for-stm32.13.3.rel1.macos64_1.0.0.202411102158/tools/bin/../lib/gcc/arm-none-eabi/13.3.1/../../../../arm-none-eabi/lib/thumb/v7e-m+fp/hard/libc_nano.a(libc_a-reent.o)
[...]
Memory Configuration

Name             Origin             Length             Attributes
RAM              0x20000000         0x00018000         xrw
FLASH            0x08000000         0x00080000         xr
*default*        0x00000000         0xffffffff

Linker script and memory map

LOAD /Applications/STM32CubeIDE.app/Contents/Eclipse/plugins/com.st.stm32cube.ide.mcu.externaltools.gnu-tools-for-stm32.13.3.rel1.macos64_1.0.0.202411102158/tools/bin/../lib/gcc/arm-none-eabi/13.3.1/thumb/v7e-m+fp/hard/crti.o
LOAD /Applications/STM32CubeIDE.app/Contents/Eclipse/plugins/com.st.stm32cube.ide.mcu.externaltools.gnu-tools-for-stm32.13.3.rel1.macos64_1.0.0.202411102158/tools/bin/../lib/gcc/arm-none-eabi/13.3.1/thumb/v7e-m+fp/hard/crtbegin.o
LOAD /Applications/STM32CubeIDE.app/Contents/Eclipse/plugins/com.st.stm32cube.ide.mcu.externaltools.gnu-tools-for-stm32.13.3.rel1.macos64_1.0.0.202411102158/tools/bin/../lib/gcc/arm-none-eabi/13.3.1/../../../../arm-none-eabi/lib/thumb/v7e-m+fp/hard/crt0.o
LOAD ./Core/Src/MSTScheduler.o
LOAD ./Core/Src/freertos.o
LOAD ./Core/Src/main.o
LOAD ./Core/Src/stm32f4xx_hal_msp.o
LOAD ./Core/Src/stm32f4xx_hal_timebase_tim.o
LOAD ./Core/Src/stm32f4xx_it.o
LOAD ./Core/Src/syscalls.o
LOAD ./Core/Src/sysmem.o
LOAD ./Core/Src/system_stm32f4xx.o
LOAD ./Core/Startup/startup_stm32f401retx.o
LOAD ./Drivers/STM32F4xx_HAL_Driver/Src/stm32f4xx_hal.o
LOAD ./Drivers/STM32F4xx_HAL_Driver/Src/stm32f4xx_hal_cortex.o
LOAD ./Drivers/STM32F4xx_HAL_Driver/Src/stm32f4xx_hal_dma.o
LOAD ./Drivers/STM32F4xx_HAL_Driver/Src/stm32f4xx_hal_dma_ex.o
LOAD ./Drivers/STM32F4xx_HAL_Driver/Src/stm32f4xx_hal_exti.o
LOAD ./Drivers/STM32F4xx_HAL_Driver/Src/stm32f4xx_hal_flash.o
LOAD ./Drivers/STM32F4xx_HAL_Driver/Src/stm32f4xx_hal_flash_ex.o
LOAD ./Drivers/STM32F4xx_HAL_Driver/Src/stm32f4xx_hal_flash_ramfunc.o
LOAD ./Drivers/STM32F4xx_HAL_Driver/Src/stm32f4xx_hal_gpio.o
LOAD ./Drivers/STM32F4xx_HAL_Driver/Src/stm32f4xx_hal_pwr.o
LOAD ./Drivers/STM32F4xx_HAL_Driver/Src/stm32f4xx_hal_pwr_ex.o
LOAD ./Drivers/STM32F4xx_HAL_Driver/Src/stm32f4xx_hal_rcc.o
LOAD ./Drivers/STM32F4xx_HAL_Driver/Src/stm32f4xx_hal_rcc_ex.o
LOAD ./Drivers/STM32F4xx_HAL_Driver/Src/stm32f4xx_hal_tim.o
LOAD ./Drivers/STM32F4xx_HAL_Driver/Src/stm32f4xx_hal_tim_ex.o
LOAD ./Drivers/STM32F4xx_HAL_Driver/Src/stm32f4xx_hal_uart.o
LOAD ./Middlewares/Third_Party/FreeRTOS/Source/CMSIS_RTOS_V2/cmsis_os2.o
LOAD ./Middlewares/Third_Party/FreeRTOS/Source/croutine.o
LOAD ./Middlewares/Third_Party/FreeRTOS/Source/event_groups.o
LOAD ./Middlewares/Third_Party/FreeRTOS/Source/list.o
LOAD ./Middlewares/Third_Party/FreeRTOS/Source/queue.o
LOAD ./Middlewares/Third_Party/FreeRTOS/Source/stream_buffer.o
LOAD ./Middlewares/Third_Party/FreeRTOS/Source/tasks.o
LOAD ./Middlewares/Third_Party/FreeRTOS/Source/timers.o
LOAD ./Middlewares/Third_Party/FreeRTOS/Source/portable/GCC/ARM_CM4F/port.o
LOAD ./Middlewares/Third_Party/FreeRTOS/Source/portable/MemMang/heap_4.o
START GROUP
LOAD /Applications/STM32CubeIDE.app/Contents/Eclipse/plugins/com.st.stm32cube.ide.mcu.externaltools.gnu-tools-for-stm32.13.3.rel1.macos64_1.0.0.202411102158/tools/bin/../lib/gcc/arm-none-eabi/13.3.1/../../../../arm-none-eabi/lib/thumb/v7e-m+fp/hard/libc_nano.a
LOAD /Applications/STM32CubeIDE.app/Contents/Eclipse/plugins/com.st.stm32cube.ide.mcu.externaltools.gnu-tools-for-stm32.13.3.rel1.macos64_1.0.0.202411102158/tools/bin/../lib/gcc/arm-none-eabi/13.3.1/../../../../arm-none-eabi/lib/thumb/v7e-m+fp/hard/libm.a
END GROUP
START GROUP
LOAD /Applications/STM32CubeIDE.app/Contents/Eclipse/plugins/com.st.stm32cube.ide.mcu.externaltools.gnu-tools-for-stm32.13.3.rel1.macos64_1.0.0.202411102158/tools/bin/../lib/gcc/arm-none-eabi/13.3.1/thumb/v7e-m+fp/hard/libgcc.a
LOAD /Applications/STM32CubeIDE.app/Contents/Eclipse/plugins/com.st.stm32cube.ide.mcu.externaltools.gnu-tools-for-stm32.13.3.rel1.macos64_1.0.0.202411102158/tools/bin/../lib/gcc/arm-none-eabi/13.3.1/../../../../arm-none-eabi/lib/thumb/v7e-m+fp/hard/libc_nano.a
END GROUP
START GROUP
LOAD /Applications/STM32CubeIDE.app/Contents/Eclipse/plugins/com.st.stm32cube.ide.mcu.externaltools.gnu-tools-for-stm32.13.3.rel1.macos64_1.0.0.202411102158/tools/bin/../lib/gcc/arm-none-eabi/13.3.1/thumb/v7e-m+fp/hard/libgcc.a
LOAD /Applications/STM32CubeIDE.app/Contents/Eclipse/plugins/com.st.stm32cube.ide.mcu.externaltools.gnu-tools-for-stm32.13.3.rel1.macos64_1.0.0.202411102158/tools/bin/../lib/gcc/arm-none-eabi/13.3.1/../../../../arm-none-eabi/lib/thumb/v7e-m+fp/hard/libc_nano.a
LOAD /Applications/STM32CubeIDE.app/Contents/Eclipse/plugins/com.st.stm32cube.ide.mcu.externaltools.gnu-tools-for-stm32.13.3.rel1.macos64_1.0.0.202411102158/tools/bin/../lib/gcc/arm-none-eabi/13.3.1/../../../../arm-none-eabi/lib/thumb/v7e-m+fp/hard/libnosys.a
END GROUP
START GROUP
LOAD /Applications/STM32CubeIDE.app/Contents/Eclipse/plugins/com.st.stm32cube.ide.mcu.externaltools.gnu-tools-for-stm32.13.3.rel1.macos64_1.0.0.202411102158/tools/bin/../lib/gcc/arm-none-eabi/13.3.1/thumb/v7e-m+fp/hard/libgcc.a
LOAD /Applications/STM32CubeIDE.app/Contents/Eclipse/plugins/com.st.stm32cube.ide.mcu.externaltools.gnu-tools-for-stm32.13.3.rel1.macos64_1.0.0.202411102158/tools/bin/../lib/gcc/arm-none-eabi/13.3.1/../../../../arm-none-eabi/lib/thumb/v7e-m+fp/hard/libc_nano.a
LOAD /Applications/STM32CubeIDE.app/Contents/Eclipse/plugins/com.st.stm32cube.ide.mcu.externaltools.gnu-tools-for-stm32.13.3.rel1.macos64_1.0.0.202411102158/tools/bin/../lib/gcc/arm-none-eabi/13.3.1/../../../../arm-none-eabi/lib/thumb/v7e-m+fp/hard/libnosys.a
END GROUP
LOAD /Applications/STM32CubeIDE.app/Contents/Eclipse/plugins/com.st.stm32cube.ide.mcu.externaltools.gnu-tools-for-stm32.13.3.rel1.macos64_1.0.0.202411102158/tools/bin/../lib/gcc/arm-none-eabi/13.3.1/thumb/v7e-m+fp/hard/crtend.o
LOAD /Applications/STM32CubeIDE.app/Contents/Eclipse/plugins/com.st.stm32cube.ide.mcu.externaltools.gnu-tools-for-stm32.13.3.rel1.macos64_1.0.0.202411102158/tools/bin/../lib/gcc/arm-none-eabi/13.3.1/thumb/v7e-m+fp/hard/crtn.o
                0x20018000                        _estack = (ORIGIN (RAM) + LENGTH (RAM))
                0x00000200                        _Min_Heap_Size = 0x200
                0x00000400                        _Min_Stack_Size = 0x400

.isr_vector     0x08000000      0x194
                0x08000000                        . = ALIGN (0x4)
 *(.isr_vector)
 .isr_vector    0x08000000      0x194 ./Core/Startup/startup_stm32f401retx.o
                0x08000000                g_pfnVectors
                0x08000194                        . = ALIGN (0x4)

.text           0x080001a0     0x89e4
                0x080001a0                        . = ALIGN (0x4)
 *(.text)
 .text          0x080001a0       0x40 /Applications/STM32CubeIDE.app/Contents/Eclipse/plugins/com.st.stm32cube.ide.mcu.externaltools.gnu-tools-for-stm32.13.3.rel1.macos64_1.0.0.202411102158/tools/bin/../lib/gcc/arm-none-eabi/13.3.1/thumb/v7e-m+fp/hard/crtbegin.o
 .text          0x080001e0       0xa0 /Applications/STM32CubeIDE.app/Contents/Eclipse/plugins/com.st.stm32cube.ide.mcu.externaltools.gnu-tools-for-stm32.13.3.rel1.macos64_1.0.0.202411102158/tools/bin/../lib/gcc/arm-none-eabi/13.3.1/../../../../arm-none-eabi/lib/thumb/v7e-m+fp/hard/libc_nano.a(libc_a-memchr.o)
                0x080001e0                memchr
 .text          0x08000280       0x30 /Applications/STM32CubeIDE.app/Contents/Eclipse/plugins/com.st.stm32cube.ide.mcu.externaltools.gnu-tools-for-stm32.13.3.rel1.macos64_1.0.0.202411102158/tools/bin/../lib/gcc/arm-none-eabi/13.3.1/thumb/v7e-m+fp/hard/libgcc.a(_aeabi_uldivmod.o)
                0x08000280                __aeabi_uldivmod
 .text          0x080002b0      0x2f8 /Applications/STM32CubeIDE.app/Contents/Eclipse/plugins/com.st.stm32cube.ide.mcu.externaltools.gnu-tools-for-stm32.13.3.rel1.macos64_1.0.0.202411102158/tools/bin/../lib/gcc/arm-none-eabi/13.3.1/thumb/v7e-m+fp/hard/libgcc.a(_udivmoddi4.o)
                0x080002b0                __udivmoddi4
 .text          0x080005a8        0x4 /Applications/STM32CubeIDE.app/Contents/Eclipse/plugins/com.st.stm32cube.ide.mcu.externaltools.gnu-tools-for-stm32.13.3.rel1.macos64_1.0.0.202411102158/tools/bin/../lib/gcc/arm-none-eabi/13.3.1/thumb/v7e-m+fp/hard/libgcc.a(_dvmd_tls.o)
                0x080005a8                __aeabi_ldiv0
                0x080005a8                __aeabi_idiv0
 *(.text*)
 .text.prvMSTSetupUSClock
                0x080005ac       0x38 ./Core/Src/MSTScheduler.o
 .text.prvMSTGetUS
                0x080005e4       0x2c ./Core/Src/MSTScheduler.o
 .text.prvPeriodicTaskCreate
                0x08000610       0xc4 ./Core/Src/MSTScheduler.o
 .text.vMSTPeriodicTaskCreate
                0x080006d4       0xa2 ./Core/Src/MSTScheduler.o
                0x080006d4                vMSTPeriodicTaskCreate
 *fill*         0x08000776        0x2 
 .text.prvMSTPeriodicGenericJob
                0x08000778      0x148 ./Core/Src/MSTScheduler.o
 .text.prvMSTPeriodicTimerCallback
                0x080008c0       0x24 ./Core/Src/MSTScheduler.o
 .text.prvMSTSporadicTimerCallback
                0x080008e4       0x24 ./Core/Src/MSTScheduler.o
 .text.vMSTSporadicTaskCreate
                0x08000908       0xac ./Core/Src/MSTScheduler.o
                0x08000908                vMSTSporadicTaskCreate
 .text.prvMSTSporadicGenericJob
                0x080009b4      0x150 ./Core/Src/MSTScheduler.o
 .text.vMSTSporadicTaskRun
                0x08000b04       0x36 ./Core/Src/MSTScheduler.o
                0x08000b04                vMSTSporadicTaskRun
 .text.prv_compare
                0x08000b3a       0x46 ./Core/Src/MSTScheduler.o
 .text.prvComputeOrderedPriorities
                0x08000b80      0x170 ./Core/Src/MSTScheduler.o
 .text.vMSTSchedulerStart
                0x08000cf0       0x10 ./Core/Src/MSTScheduler.o
                0x08000cf0                vMSTSchedulerStart
 .text.prvMSTDispatch
                0x08000d00      0x1a0 ./Core/Src/MSTScheduler.o
 .text.configureTimerForRunTimeStats
                0x08000ea0       0x1c ./Core/Src/freertos.o
                0x08000ea0                configureTimerForRunTimeStats
 .text.getRunTimeCounterValue
                0x08000ebc       0x18 ./Core/Src/freertos.o
                0x08000ebc                getRunTimeCounterValue
 .text.MSTTask1
                0x08000ed4       0x60 ./Core/Src/main.o
                0x08000ed4                MSTTask1
 .text.MSTTask2
                0x08000f34       0x6c ./Core/Src/main.o
                0x08000f34                MSTTask2
 .text.MSTTask3
                0x08000fa0       0x58 ./Core/Src/main.o
                0x08000fa0                MSTTask3
 .text.MSTTask4
                0x08000ff8       0x58 ./Core/Src/main.o
                0x08000ff8                MSTTask4
 .text.HAL_UART_TxCpltCallback
                0x08001050       0x34 ./Core/Src/main.o
                0x08001050                HAL_UART_TxCpltCallback
 .text.main     0x08001084      0x120 ./Core/Src/main.o
                0x08001084                main
 .text.SystemClock_Config
                0x080011a4       0xd4 ./Core/Src/main.o
                0x080011a4                SystemClock_Config
 .text.MX_TIM2_Init
                0x08001278       0x98 ./Core/Src/main.o
 .text.MX_TIM10_Init
                0x08001310       0x44 ./Core/Src/main.o
 .text.MX_USART1_UART_Init
                0x08001354       0x54 ./Core/Src/main.o
 .text.MX_USART2_UART_Init
                0x080013a8       0x54 ./Core/Src/main.o
 .text.MX_DMA_Init
                0x080013fc       0x40 ./Core/Src/main.o
 .text.MX_GPIO_Init
                0x0800143c       0x34 ./Core/Src/main.o
 .text.HAL_TIM_PeriodElapsedCallback
                0x08001470       0x24 ./Core/Src/main.o
                0x08001470                HAL_TIM_PeriodElapsedCallback
 .text.Error_Handler
                0x08001494        0xc ./Core/Src/main.o
                0x08001494                Error_Handler
 .text.HAL_MspInit
                0x080014a0       0x58 ./Core/Src/stm32f4xx_hal_msp.o
                0x080014a0                HAL_MspInit
 .text.HAL_TIM_Base_MspInit
                0x080014f8       0x78 ./Core/Src/stm32f4xx_hal_msp.o
                0x080014f8                HAL_TIM_Base_MspInit
 .text.HAL_UART_MspInit
                0x08001570      0x16c ./Core/Src/stm32f4xx_hal_msp.o
                0x08001570                HAL_UART_MspInit
 .text.HAL_InitTick
                0x080016dc       0xe4 ./Core/Src/stm32f4xx_hal_timebase_tim.o
                0x080016dc                HAL_InitTick
 .text.NMI_Handler
                0x080017c0        0x8 ./Core/Src/stm32f4xx_it.o
                0x080017c0                NMI_Handler
 .text.HardFault_Handler
                0x080017c8        0x8 ./Core/Src/stm32f4xx_it.o
                0x080017c8                HardFault_Handler
 .text.MemManage_Handler
                0x080017d0        0x8 ./Core/Src/stm32f4xx_it.o
                0x080017d0                MemManage_Handler
 .text.BusFault_Handler
                0x080017d8        0x8 ./Core/Src/stm32f4xx_it.o
                0x080017d8                BusFault_Handler
 .text.UsageFault_Handler
                0x080017e0        0x8 ./Core/Src/stm32f4xx_it.o
                0x080017e0                UsageFault_Handler
 .text.DebugMon_Handler
                0x080017e8        0xe ./Core/Src/stm32f4xx_it.o
                0x080017e8                DebugMon_Handler
 *fill*         0x080017f6        0x2 
 .text.DMA1_Stream6_IRQHandler
                0x080017f8       0x14 ./Core/Src/stm32f4xx_it.o
                0x080017f8                DMA1_Stream6_IRQHandler
 .text.TIM1_BRK_TIM9_IRQHandler
                0x0800180c       0x14 ./Core/Src/stm32f4xx_it.o
                0x0800180c                TIM1_BRK_TIM9_IRQHandler
 .text.TIM1_UP_TIM10_IRQHandler
                0x08001820       0x20 ./Core/Src/stm32f4xx_it.o
                0x08001820                TIM1_UP_TIM10_IRQHandler
 .text.USART2_IRQHandler
                0x08001840       0x14 ./Core/Src/stm32f4xx_it.o
                0x08001840                USART2_IRQHandler
 .text._sbrk    0x08001854       0x6c ./Core/Src/sysmem.o
                0x08001854                _sbrk
 .text.SystemInit
                0x080018c0       0x24 ./Core/Src/system_stm32f4xx.o
                0x080018c0                SystemInit
 .text.Reset_Handler
                0x080018e4       0x50 ./Core/Startup/startup_stm32f401retx.o
                0x080018e4                Reset_Handler
 .text.Default_Handler
                0x08001934        0x2 ./Core/Startup/startup_stm32f401retx.o
                0x08001934                DMA1_Stream3_IRQHandler
                0x08001934                EXTI2_IRQHandler
                0x08001934                SPI4_IRQHandler
                0x08001934                TIM1_CC_IRQHandler
                0x08001934                DMA2_Stream5_IRQHandler
                0x08001934                DMA1_Stream5_IRQHandler
                0x08001934                PVD_IRQHandler
                0x08001934                SDIO_IRQHandler
                0x08001934                TAMP_STAMP_IRQHandler
                0x08001934                EXTI3_IRQHandler
                0x08001934                I2C3_ER_IRQHandler
                0x08001934                EXTI0_IRQHandler
                0x08001934                I2C2_EV_IRQHandler
                0x08001934                DMA1_Stream2_IRQHandler
                0x08001934                FPU_IRQHandler
                0x08001934                DMA2_Stream2_IRQHandler
                0x08001934                SPI1_IRQHandler
                0x08001934                DMA2_Stream3_IRQHandler
                0x08001934                USART6_IRQHandler
                0x08001934                DMA2_Stream0_IRQHandler
                0x08001934                TIM4_IRQHandler
                0x08001934                I2C1_EV_IRQHandler
                0x08001934                DMA1_Stream1_IRQHandler
                0x08001934                TIM3_IRQHandler
                0x08001934                RCC_IRQHandler
                0x08001934                Default_Handler
                0x08001934                EXTI15_10_IRQHandler
                0x08001934                ADC_IRQHandler
                0x08001934                DMA1_Stream7_IRQHandler
                0x08001934                TIM5_IRQHandler
                0x08001934                DMA2_Stream7_IRQHandler
                0x08001934                I2C3_EV_IRQHandler
                0x08001934                EXTI9_5_IRQHandler
                0x08001934                RTC_WKUP_IRQHandler
                0x08001934                SPI2_IRQHandler
                0x08001934                DMA1_Stream0_IRQHandler
                0x08001934                EXTI4_IRQHandler
                0x08001934                WWDG_IRQHandler
                0x08001934                TIM2_IRQHandler
                0x08001934                OTG_FS_WKUP_IRQHandler
                0x08001934                TIM1_TRG_COM_TIM11_IRQHandler
                0x08001934                EXTI1_IRQHandler
                0x08001934                I2C2_ER_IRQHandler
                0x08001934                DMA2_Stream1_IRQHandler
                0x08001934                FLASH_IRQHandler
                0x08001934                DMA2_Stream4_IRQHandler
                0x08001934                USART1_IRQHandler
                0x08001934                OTG_FS_IRQHandler
                0x08001934                SPI3_IRQHandler
                0x08001934                DMA1_Stream4_IRQHandler
                0x08001934                I2C1_ER_IRQHandler
                0x08001934                DMA2_Stream6_IRQHandler
                0x08001934                RTC_Alarm_IRQHandler
 *fill*         0x08001936        0x2 
 .text.HAL_Init
                0x08001938       0x44 ./Drivers/STM32F4xx_HAL_Driver/Src/stm32f4xx_hal.o
                0x08001938                HAL_Init
 .text.HAL_IncTick
                0x0800197c       0x28 ./Drivers/STM32F4xx_HAL_Driver/Src/stm32f4xx_hal.o
                0x0800197c                HAL_IncTick
 .text.HAL_GetTick
                0x080019a4       0x18 ./Drivers/STM32F4xx_HAL_Driver/Src/stm32f4xx_hal.o
                0x080019a4                HAL_GetTick
 .text.HAL_Delay
                0x080019bc       0x48 ./Drivers/STM32F4xx_HAL_Driver/Src/stm32f4xx_hal.o
                0x080019bc                HAL_Delay
 .text.__NVIC_SetPriorityGrouping
                0x08001a04       0x48 ./Drivers/STM32F4xx_HAL_Driver/Src/stm32f4xx_hal_cortex.o
 .text.__NVIC_GetPriorityGrouping
                0x08001a4c       0x1c ./Drivers/STM32F4xx_HAL_Driver/Src/stm32f4xx_hal_cortex.o
 .text.__NVIC_EnableIRQ
                0x08001a68       0x3c ./Drivers/STM32F4xx_HAL_Driver/Src/stm32f4xx_hal_cortex.o
 .text.__NVIC_SetPriority
                0x08001aa4       0x54 ./Drivers/STM32F4xx_HAL_Driver/Src/stm32f4xx_hal_cortex.o
 .text.NVIC_EncodePriority
                0x08001af8       0x66 ./Drivers/STM32F4xx_HAL_Driver/Src/stm32f4xx_hal_cortex.o
 .text.HAL_NVIC_SetPriorityGrouping
                0x08001b5e       0x16 ./Drivers/STM32F4xx_HAL_Driver/Src/stm32f4xx_hal_cortex.o
                0x08001b5e                HAL_NVIC_SetPriorityGrouping
 .text.HAL_NVIC_SetPriority
                0x08001b74       0x38 ./Drivers/STM32F4xx_HAL_Driver/Src/stm32f4xx_hal_cortex.o
                0x08001b74                HAL_NVIC_SetPriority
 .text.HAL_NVIC_EnableIRQ
                0x08001bac       0x1c ./Drivers/STM32F4xx_HAL_Driver/Src/stm32f4xx_hal_cortex.o
                0x08001bac                HAL_NVIC_EnableIRQ
 .text.HAL_DMA_Init
                0x08001bc8      0x15c ./Drivers/STM32F4xx_HAL_Driver/Src/stm32f4xx_hal_dma.o
                0x08001bc8                HAL_DMA_Init
 .text.HAL_DMA_Start_IT
                0x08001d24       0xb0 ./Drivers/STM32F4xx_HAL_Driver/Src/stm32f4xx_hal_dma.o
                0x08001d24                HAL_DMA_Start_IT
 .text.HAL_DMA_Abort
                0x08001dd4       0xe0 ./Drivers/STM32F4xx_HAL_Driver/Src/stm32f4xx_hal_dma.o
                0x08001dd4                HAL_DMA_Abort
 .text.HAL_DMA_Abort_IT
                0x08001eb4       0x44 ./Drivers/STM32F4xx_HAL_Driver/Src/stm32f4xx_hal_dma.o
                0x08001eb4                HAL_DMA_Abort_IT
 .text.HAL_DMA_IRQHandler
                0x08001ef8      0x314 ./Drivers/STM32F4xx_HAL_Driver/Src/stm32f4xx_hal_dma.o
                0x08001ef8                HAL_DMA_IRQHandler
 .text.DMA_SetConfig
                0x0800220c       0x5c ./Drivers/STM32F4xx_HAL_Driver/Src/stm32f4xx_hal_dma.o
 .text.DMA_CalcBaseAndBitshift
                0x08002268       0x6c ./Drivers/STM32F4xx_HAL_Driver/Src/stm32f4xx_hal_dma.o
 .text.DMA_CheckFifoParam
                0x080022d4       0xf8 ./Drivers/STM32F4xx_HAL_Driver/Src/stm32f4xx_hal_dma.o
 .text.HAL_GPIO_Init
                0x080023cc      0x308 ./Drivers/STM32F4xx_HAL_Driver/Src/stm32f4xx_hal_gpio.o
                0x080023cc                HAL_GPIO_Init
 .text.HAL_RCC_OscConfig
                0x080026d4      0x4f0 ./Drivers/STM32F4xx_HAL_Driver/Src/stm32f4xx_hal_rcc.o
                0x080026d4                HAL_RCC_OscConfig
 .text.HAL_RCC_ClockConfig
                0x08002bc4      0x1cc ./Drivers/STM32F4xx_HAL_Driver/Src/stm32f4xx_hal_rcc.o
                0x08002bc4                HAL_RCC_ClockConfig
 .text.HAL_RCC_GetSysClockFreq
                0x08002d90      0x18c ./Drivers/STM32F4xx_HAL_Driver/Src/stm32f4xx_hal_rcc.o
                0x08002d90                HAL_RCC_GetSysClockFreq
 .text.HAL_RCC_GetHCLKFreq
                0x08002f1c       0x18 ./Drivers/STM32F4xx_HAL_Driver/Src/stm32f4xx_hal_rcc.o
                0x08002f1c                HAL_RCC_GetHCLKFreq
 .text.HAL_RCC_GetPCLK1Freq
                0x08002f34       0x28 ./Drivers/STM32F4xx_HAL_Driver/Src/stm32f4xx_hal_rcc.o
                0x08002f34                HAL_RCC_GetPCLK1Freq
 .text.HAL_RCC_GetPCLK2Freq
                0x08002f5c       0x28 ./Drivers/STM32F4xx_HAL_Driver/Src/stm32f4xx_hal_rcc.o
                0x08002f5c                HAL_RCC_GetPCLK2Freq
 .text.HAL_RCC_GetClockConfig
                0x08002f84       0x64 ./Drivers/STM32F4xx_HAL_Driver/Src/stm32f4xx_hal_rcc.o
                0x08002f84                HAL_RCC_GetClockConfig
 .text.HAL_TIM_Base_Init
                0x08002fe8       0x9e ./Drivers/STM32F4xx_HAL_Driver/Src/stm32f4xx_hal_tim.o
                0x08002fe8                HAL_TIM_Base_Init
 *fill*         0x08003086        0x2 
 .text.HAL_TIM_Base_Start_IT
                0x08003088       0xc4 ./Drivers/STM32F4xx_HAL_Driver/Src/stm32f4xx_hal_tim.o
                0x08003088                HAL_TIM_Base_Start_IT
 .text.HAL_TIM_IRQHandler
                0x0800314c      0x1e0 ./Drivers/STM32F4xx_HAL_Driver/Src/stm32f4xx_hal_tim.o
                0x0800314c                HAL_TIM_IRQHandler
 .text.HAL_TIM_ConfigClockSource
                0x0800332c      0x18e ./Drivers/STM32F4xx_HAL_Driver/Src/stm32f4xx_hal_tim.o
                0x0800332c                HAL_TIM_ConfigClockSource
 .text.HAL_TIM_OC_DelayElapsedCallback
                0x080034ba       0x14 ./Drivers/STM32F4xx_HAL_Driver/Src/stm32f4xx_hal_tim.o
                0x080034ba                HAL_TIM_OC_DelayElapsedCallback
 .text.HAL_TIM_IC_CaptureCallback
                0x080034ce       0x14 ./Drivers/STM32F4xx_HAL_Driver/Src/stm32f4xx_hal_tim.o
                0x080034ce                HAL_TIM_IC_CaptureCallback
 .text.HAL_TIM_PWM_PulseFinishedCallback
                0x080034e2       0x14 ./Drivers/STM32F4xx_HAL_Driver/Src/stm32f4xx_hal_tim.o
                0x080034e2                HAL_TIM_PWM_PulseFinishedCallback
 .text.HAL_TIM_TriggerCallback
                0x080034f6       0x14 ./Drivers/STM32F4xx_HAL_Driver/Src/stm32f4xx_hal_tim.o
                0x080034f6                HAL_TIM_TriggerCallback
 *fill*         0x0800350a        0x2 
 .text.TIM_Base_SetConfig
                0x0800350c      0x118 ./Drivers/STM32F4xx_HAL_Driver/Src/stm32f4xx_hal_tim.o
                0x0800350c                TIM_Base_SetConfig
 .text.TIM_TI1_ConfigInputStage
                0x08003624       0x5e ./Drivers/STM32F4xx_HAL_Driver/Src/stm32f4xx_hal_tim.o
 .text.TIM_TI2_ConfigInputStage
                0x08003682       0x60 ./Drivers/STM32F4xx_HAL_Driver/Src/stm32f4xx_hal_tim.o
 .text.TIM_ITRx_SetConfig
                0x080036e2       0x36 ./Drivers/STM32F4xx_HAL_Driver/Src/stm32f4xx_hal_tim.o
 .text.TIM_ETR_SetConfig
                0x08003718       0x40 ./Drivers/STM32F4xx_HAL_Driver/Src/stm32f4xx_hal_tim.o
                0x08003718                TIM_ETR_SetConfig
 .text.HAL_TIMEx_MasterConfigSynchronization
                0x08003758       0xdc ./Drivers/STM32F4xx_HAL_Driver/Src/stm32f4xx_hal_tim_ex.o
                0x08003758                HAL_TIMEx_MasterConfigSynchronization
 .text.HAL_TIMEx_CommutCallback
                0x08003834       0x14 ./Drivers/STM32F4xx_HAL_Driver/Src/stm32f4xx_hal_tim_ex.o
                0x08003834                HAL_TIMEx_CommutCallback
 .text.HAL_TIMEx_BreakCallback
                0x08003848       0x14 ./Drivers/STM32F4xx_HAL_Driver/Src/stm32f4xx_hal_tim_ex.o
                0x08003848                HAL_TIMEx_BreakCallback
 .text.HAL_UART_Init
                0x0800385c       0xa0 ./Drivers/STM32F4xx_HAL_Driver/Src/stm32f4xx_hal_uart.o
                0x0800385c                HAL_UART_Init
 .text.HAL_UART_Transmit_DMA
                0x080038fc       0xe0 ./Drivers/STM32F4xx_HAL_Driver/Src/stm32f4xx_hal_uart.o
                0x080038fc                HAL_UART_Transmit_DMA
 .text.HAL_UART_IRQHandler
                0x080039dc      0x524 ./Drivers/STM32F4xx_HAL_Driver/Src/stm32f4xx_hal_uart.o
                0x080039dc                HAL_UART_IRQHandler
 .text.HAL_UART_TxHalfCpltCallback
                0x08003f00       0x14 ./Drivers/STM32F4xx_HAL_Driver/Src/stm32f4xx_hal_uart.o
                0x08003f00                HAL_UART_TxHalfCpltCallback
 .text.HAL_UART_RxCpltCallback
                0x08003f14       0x14 ./Drivers/STM32F4xx_HAL_Driver/Src/stm32f4xx_hal_uart.o
                0x08003f14                HAL_UART_RxCpltCallback
 .text.HAL_UART_ErrorCallback
                0x08003f28       0x14 ./Drivers/STM32F4xx_HAL_Driver/Src/stm32f4xx_hal_uart.o
                0x08003f28                HAL_UART_ErrorCallback
 .text.HAL_UARTEx_RxEventCallback
                0x08003f3c       0x18 ./Drivers/STM32F4xx_HAL_Driver/Src/stm32f4xx_hal_uart.o
                0x08003f3c                HAL_UARTEx_RxEventCallback
 .text.UART_DMATransmitCplt
                0x08003f54       0x9a ./Drivers/STM32F4xx_HAL_Driver/Src/stm32f4xx_hal_uart.o
 .text.UART_DMATxHalfCplt
                0x08003fee       0x1c ./Drivers/STM32F4xx_HAL_Driver/Src/stm32f4xx_hal_uart.o
 .text.UART_DMAError
                0x0800400a       0x94 ./Drivers/STM32F4xx_HAL_Driver/Src/stm32f4xx_hal_uart.o
 .text.UART_EndTxTransfer
                0x0800409e       0x50 ./Drivers/STM32F4xx_HAL_Driver/Src/stm32f4xx_hal_uart.o
 .text.UART_EndRxTransfer
                0x080040ee       0xc6 ./Drivers/STM32F4xx_HAL_Driver/Src/stm32f4xx_hal_uart.o
 .text.UART_DMAAbortOnError
                0x080041b4       0x28 ./Drivers/STM32F4xx_HAL_Driver/Src/stm32f4xx_hal_uart.o
 .text.UART_Transmit_IT
                0x080041dc       0xa0 ./Drivers/STM32F4xx_HAL_Driver/Src/stm32f4xx_hal_uart.o
 .text.UART_EndTransmit_IT
                0x0800427c       0x30 ./Drivers/STM32F4xx_HAL_Driver/Src/stm32f4xx_hal_uart.o
 .text.UART_Receive_IT
                0x080042ac      0x17c ./Drivers/STM32F4xx_HAL_Driver/Src/stm32f4xx_hal_uart.o
 .text.UART_SetConfig
                0x08004428      0x4e8 ./Drivers/STM32F4xx_HAL_Driver/Src/stm32f4xx_hal_uart.o
 .text.SysTick_Handler
                0x08004910       0x20 ./Middlewares/Third_Party/FreeRTOS/Source/CMSIS_RTOS_V2/cmsis_os2.o
                0x08004910                SysTick_Handler
 .text.vApplicationGetIdleTaskMemory
                0x08004930       0x34 ./Middlewares/Third_Party/FreeRTOS/Source/CMSIS_RTOS_V2/cmsis_os2.o
                0x08004930                vApplicationGetIdleTaskMemory
 .text.vApplicationGetTimerTaskMemory
                0x08004964       0x34 ./Middlewares/Third_Party/FreeRTOS/Source/CMSIS_RTOS_V2/cmsis_os2.o
                0x08004964                vApplicationGetTimerTaskMemory
 .text.vListInitialise
                0x08004998       0x40 ./Middlewares/Third_Party/FreeRTOS/Source/list.o
                0x08004998                vListInitialise
 .text.vListInitialiseItem
                0x080049d8       0x1a ./Middlewares/Third_Party/FreeRTOS/Source/list.o
                0x080049d8                vListInitialiseItem
 .text.vListInsertEnd
                0x080049f2       0x48 ./Middlewares/Third_Party/FreeRTOS/Source/list.o
                0x080049f2                vListInsertEnd
 .text.vListInsert
                0x08004a3a       0x72 ./Middlewares/Third_Party/FreeRTOS/Source/list.o
                0x08004a3a                vListInsert
 .text.uxListRemove
                0x08004aac       0x54 ./Middlewares/Third_Party/FreeRTOS/Source/list.o
                0x08004aac                uxListRemove
 .text.xQueueGenericReset
                0x08004b00       0xd4 ./Middlewares/Third_Party/FreeRTOS/Source/queue.o
                0x08004b00                xQueueGenericReset
 .text.xQueueGenericCreateStatic
                0x08004bd4       0xfa ./Middlewares/Third_Party/FreeRTOS/Source/queue.o
                0x08004bd4                xQueueGenericCreateStatic
 .text.xQueueGenericCreate
                0x08004cce       0x76 ./Middlewares/Third_Party/FreeRTOS/Source/queue.o
                0x08004cce                xQueueGenericCreate
 .text.prvInitialiseNewQueue
                0x08004d44       0x46 ./Middlewares/Third_Party/FreeRTOS/Source/queue.o
 *fill*         0x08004d8a        0x2 
 .text.xQueueGenericSend
                0x08004d8c      0x204 ./Middlewares/Third_Party/FreeRTOS/Source/queue.o
                0x08004d8c                xQueueGenericSend
 .text.xQueueGenericSendFromISR
                0x08004f90      0x13c ./Middlewares/Third_Party/FreeRTOS/Source/queue.o
                0x08004f90                xQueueGenericSendFromISR
 .text.xQueueGiveFromISR
                0x080050cc      0x120 ./Middlewares/Third_Party/FreeRTOS/Source/queue.o
                0x080050cc                xQueueGiveFromISR
 .text.xQueueReceive
                0x080051ec      0x1c4 ./Middlewares/Third_Party/FreeRTOS/Source/queue.o
                0x080051ec                xQueueReceive
 .text.xQueueSemaphoreTake
                0x080053b0      0x220 ./Middlewares/Third_Party/FreeRTOS/Source/queue.o
                0x080053b0                xQueueSemaphoreTake
 .text.prvGetDisinheritPriorityAfterTimeout
                0x080055d0       0x30 ./Middlewares/Third_Party/FreeRTOS/Source/queue.o
 .text.prvCopyDataToQueue
                0x08005600       0xd4 ./Middlewares/Third_Party/FreeRTOS/Source/queue.o
 .text.prvCopyDataFromQueue
                0x080056d4       0x4c ./Middlewares/Third_Party/FreeRTOS/Source/queue.o
 .text.prvUnlockQueue
                0x08005720       0xa4 ./Middlewares/Third_Party/FreeRTOS/Source/queue.o
 .text.prvIsQueueEmpty
                0x080057c4       0x2c ./Middlewares/Third_Party/FreeRTOS/Source/queue.o
 .text.prvIsQueueFull
                0x080057f0       0x30 ./Middlewares/Third_Party/FreeRTOS/Source/queue.o
 .text.vQueueAddToRegistry
                0x08005820       0x54 ./Middlewares/Third_Party/FreeRTOS/Source/queue.o
                0x08005820                vQueueAddToRegistry
 .text.vQueueWaitForMessageRestricted
                0x08005874       0x68 ./Middlewares/Third_Party/FreeRTOS/Source/queue.o
                0x08005874                vQueueWaitForMessageRestricted
 .text.xTaskCreateStatic
                0x080058dc       0xc0 ./Middlewares/Third_Party/FreeRTOS/Source/tasks.o
                0x080058dc                xTaskCreateStatic
 .text.xTaskCreate
                0x0800599c       0x8a ./Middlewares/Third_Party/FreeRTOS/Source/tasks.o
                0x0800599c                xTaskCreate
 *fill*         0x08005a26        0x2 
 .text.prvInitialiseNewTask
                0x08005a28      0x180 ./Middlewares/Third_Party/FreeRTOS/Source/tasks.o
 .text.prvAddNewTaskToReadyList
                0x08005ba8       0xe0 ./Middlewares/Third_Party/FreeRTOS/Source/tasks.o
 .text.vTaskPrioritySet
                0x08005c88      0x13c ./Middlewares/Third_Party/FreeRTOS/Source/tasks.o
                0x08005c88                vTaskPrioritySet
 .text.vTaskStartScheduler
                0x08005dc4       0xe4 ./Middlewares/Third_Party/FreeRTOS/Source/tasks.o
                0x08005dc4                vTaskStartScheduler
 .text.vTaskSuspendAll
                0x08005ea8       0x1c ./Middlewares/Third_Party/FreeRTOS/Source/tasks.o
                0x08005ea8                vTaskSuspendAll
 .text.xTaskResumeAll
                0x08005ec4      0x13c ./Middlewares/Third_Party/FreeRTOS/Source/tasks.o
                0x08005ec4                xTaskResumeAll
 .text.xTaskGetTickCount
                0x08006000       0x20 ./Middlewares/Third_Party/FreeRTOS/Source/tasks.o
                0x08006000                xTaskGetTickCount
 .text.xTaskIncrementTick
                0x08006020      0x174 ./Middlewares/Third_Party/FreeRTOS/Source/tasks.o
                0x08006020                xTaskIncrementTick
 .text.vTaskSwitchContext
                0x08006194      0x104 ./Middlewares/Third_Party/FreeRTOS/Source/tasks.o
                0x08006194                vTaskSwitchContext
 .text.vTaskPlaceOnEventList
                0x08006298       0x4c ./Middlewares/Third_Party/FreeRTOS/Source/tasks.o
                0x08006298                vTaskPlaceOnEventList
 .text.vTaskPlaceOnEventListRestricted
                0x080062e4       0x58 ./Middlewares/Third_Party/FreeRTOS/Source/tasks.o
                0x080062e4                vTaskPlaceOnEventListRestricted
 .text.xTaskRemoveFromEventList
                0x0800633c       0xc8 ./Middlewares/Third_Party/FreeRTOS/Source/tasks.o
                0x0800633c                xTaskRemoveFromEventList
 .text.vTaskInternalSetTimeOutState
                0x08006404       0x2c ./Middlewares/Third_Party/FreeRTOS/Source/tasks.o
                0x08006404                vTaskInternalSetTimeOutState
 .text.xTaskCheckForTimeOut
                0x08006430       0xc8 ./Middlewares/Third_Party/FreeRTOS/Source/tasks.o
                0x08006430                xTaskCheckForTimeOut
 .text.vTaskMissedYield
                0x080064f8       0x18 ./Middlewares/Third_Party/FreeRTOS/Source/tasks.o
                0x080064f8                vTaskMissedYield
 .text.prvIdleTask
                0x08006510       0x30 ./Middlewares/Third_Party/FreeRTOS/Source/tasks.o
 .text.vTaskSetThreadLocalStoragePointer
                0x08006540       0x40 ./Middlewares/Third_Party/FreeRTOS/Source/tasks.o
                0x08006540                vTaskSetThreadLocalStoragePointer
 .text.pvTaskGetThreadLocalStoragePointer
                0x08006580       0x48 ./Middlewares/Third_Party/FreeRTOS/Source/tasks.o
                0x08006580                pvTaskGetThreadLocalStoragePointer
 .text.prvInitialiseTaskLists
                0x080065c8       0x80 ./Middlewares/Third_Party/FreeRTOS/Source/tasks.o
 .text.prvCheckTasksWaitingTermination
                0x08006648       0x5c ./Middlewares/Third_Party/FreeRTOS/Source/tasks.o
 .text.prvDeleteTCB
                0x080066a4       0x6a ./Middlewares/Third_Party/FreeRTOS/Source/tasks.o
 *fill*         0x0800670e        0x2 
 .text.prvResetNextTaskUnblockTime
                0x08006710       0x40 ./Middlewares/Third_Party/FreeRTOS/Source/tasks.o
 .text.xTaskGetCurrentTaskHandle
                0x08006750       0x20 ./Middlewares/Third_Party/FreeRTOS/Source/tasks.o
                0x08006750                xTaskGetCurrentTaskHandle
 .text.xTaskGetSchedulerState
                0x08006770       0x3c ./Middlewares/Third_Party/FreeRTOS/Source/tasks.o
                0x08006770                xTaskGetSchedulerState
 .text.xTaskPriorityInherit
                0x080067ac       0xd0 ./Middlewares/Third_Party/FreeRTOS/Source/tasks.o
                0x080067ac                xTaskPriorityInherit
 .text.xTaskPriorityDisinherit
                0x0800687c       0xe0 ./Middlewares/Third_Party/FreeRTOS/Source/tasks.o
                0x0800687c                xTaskPriorityDisinherit
 .text.vTaskPriorityDisinheritAfterTimeout
                0x0800695c      0x108 ./Middlewares/Third_Party/FreeRTOS/Source/tasks.o
                0x0800695c                vTaskPriorityDisinheritAfterTimeout
 .text.pvTaskIncrementMutexHeldCount
                0x08006a64       0x28 ./Middlewares/Third_Party/FreeRTOS/Source/tasks.o
                0x08006a64                pvTaskIncrementMutexHeldCount
 .text.ulTaskNotifyTake
                0x08006a8c       0x98 ./Middlewares/Third_Party/FreeRTOS/Source/tasks.o
                0x08006a8c                ulTaskNotifyTake
 .text.xTaskNotifyWait
                0x08006b24       0xc0 ./Middlewares/Third_Party/FreeRTOS/Source/tasks.o
                0x08006b24                xTaskNotifyWait
 .text.xTaskGenericNotify
                0x08006be4      0x184 ./Middlewares/Third_Party/FreeRTOS/Source/tasks.o
                0x08006be4                xTaskGenericNotify
 .text.prvAddCurrentTaskToDelayedList
                0x08006d68       0xa8 ./Middlewares/Third_Party/FreeRTOS/Source/tasks.o
 .text.xTimerCreateTimerTask
                0x08006e10       0x94 ./Middlewares/Third_Party/FreeRTOS/Source/timers.o
                0x08006e10                xTimerCreateTimerTask
 .text.xTimerCreate
                0x08006ea4       0x42 ./Middlewares/Third_Party/FreeRTOS/Source/timers.o
                0x08006ea4                xTimerCreate
 .text.prvInitialiseNewTimer
                0x08006ee6       0x78 ./Middlewares/Third_Party/FreeRTOS/Source/timers.o
 *fill*         0x08006f5e        0x2 
 .text.xTimerGenericCommand
                0x08006f60       0x9c ./Middlewares/Third_Party/FreeRTOS/Source/timers.o
                0x08006f60                xTimerGenericCommand
 .text.prvProcessExpiredTimer
                0x08006ffc       0x9c ./Middlewares/Third_Party/FreeRTOS/Source/timers.o
 .text.prvTimerTask
                0x08007098       0x26 ./Middlewares/Third_Party/FreeRTOS/Source/timers.o
 *fill*         0x080070be        0x2 
 .text.prvProcessTimerOrBlockTask
                0x080070c0       0x9c ./Middlewares/Third_Party/FreeRTOS/Source/timers.o
 .text.prvGetNextExpireTime
                0x0800715c       0x48 ./Middlewares/Third_Party/FreeRTOS/Source/timers.o
 .text.prvSampleTimeNow
                0x080071a4       0x40 ./Middlewares/Third_Party/FreeRTOS/Source/timers.o
 .text.prvInsertTimerInActiveList
                0x080071e4       0x84 ./Middlewares/Third_Party/FreeRTOS/Source/timers.o
 .text.prvProcessReceivedCommands
                0x08007268      0x1cc ./Middlewares/Third_Party/FreeRTOS/Source/timers.o
 .text.prvSwitchTimerLists
                0x08007434       0xcc ./Middlewares/Third_Party/FreeRTOS/Source/timers.o
 .text.prvCheckForValidListAndQueue
                0x08007500       0x80 ./Middlewares/Third_Party/FreeRTOS/Source/timers.o
 .text.pvTimerGetTimerID
                0x08007580       0x42 ./Middlewares/Third_Party/FreeRTOS/Source/timers.o
                0x08007580                pvTimerGetTimerID
 *fill*         0x080075c2        0x2 
 .text.pxPortInitialiseStack
                0x080075c4       0x68 ./Middlewares/Third_Party/FreeRTOS/Source/portable/GCC/ARM_CM4F/port.o
                0x080075c4                pxPortInitialiseStack
 .text.prvTaskExitError
                0x0800762c       0x5c ./Middlewares/Third_Party/FreeRTOS/Source/portable/GCC/ARM_CM4F/port.o
 *fill*         0x08007688        0x8 
 .text.SVC_Handler
                0x08007690       0x28 ./Middlewares/Third_Party/FreeRTOS/Source/portable/GCC/ARM_CM4F/port.o
                0x08007690                SVC_Handler
 .text.prvPortStartFirstTask
                0x080076b8       0x28 ./Middlewares/Third_Party/FreeRTOS/Source/portable/GCC/ARM_CM4F/port.o
 .text.xPortStartScheduler
                0x080076e0      0x148 ./Middlewares/Third_Party/FreeRTOS/Source/portable/GCC/ARM_CM4F/port.o
                0x080076e0                xPortStartScheduler
 .text.vPortEnterCritical
                0x08007828       0x64 ./Middlewares/Third_Party/FreeRTOS/Source/portable/GCC/ARM_CM4F/port.o
                0x08007828                vPortEnterCritical
 .text.vPortExitCritical
                0x0800788c       0x54 ./Middlewares/Third_Party/FreeRTOS/Source/portable/GCC/ARM_CM4F/port.o
                0x0800788c                vPortExitCritical
 .text.PendSV_Handler
                0x080078e0       0x68 ./Middlewares/Third_Party/FreeRTOS/Source/portable/GCC/ARM_CM4F/port.o
                0x080078e0                PendSV_Handler
 .text.xPortSysTickHandler
                0x08007948       0x44 ./Middlewares/Third_Party/FreeRTOS/Source/portable/GCC/ARM_CM4F/port.o
                0x08007948                xPortSysTickHandler
 .text.vPortSetupTimerInterrupt
                0x0800798c       0x48 ./Middlewares/Third_Party/FreeRTOS/Source/portable/GCC/ARM_CM4F/port.o
                0x0800798c                vPortSetupTimerInterrupt
 .text.vPortEnableVFP
                0x080079d4       0x14 ./Middlewares/Third_Party/FreeRTOS/Source/portable/GCC/ARM_CM4F/port.o
 .text.vPortValidateInterruptPriority
                0x080079e8       0x84 ./Middlewares/Third_Party/FreeRTOS/Source/portable/GCC/ARM_CM4F/port.o
                0x080079e8                vPortValidateInterruptPriority
 .text.pvPortMalloc
                0x08007a6c      0x19c ./Middlewares/Third_Party/FreeRTOS/Source/portable/MemMang/heap_4.o
                0x08007a6c                pvPortMalloc
 .text.vPortFree
                0x08007c08       0xc8 ./Middlewares/Third_Party/FreeRTOS/Source/portable/MemMang/heap_4.o
                0x08007c08                vPortFree
 .text.prvHeapInit
                0x08007cd0       0xc4 ./Middlewares/Third_Party/FreeRTOS/Source/portable/MemMang/heap_4.o
 .text.prvInsertBlockIntoFreeList
                0x08007d94       0xb4 ./Middlewares/Third_Party/FreeRTOS/Source/portable/MemMang/heap_4.o
 .text.swapfunc
                0x08007e48       0x32 /Applications/STM32CubeIDE.app/Contents/Eclipse/plugins/com.st.stm32cube.ide.mcu.externaltools.gnu-tools-for-stm32.13.3.rel1.macos64_1.0.0.202411102158/tools/bin/../lib/gcc/arm-none-eabi/13.3.1/../../../../arm-none-eabi/lib/thumb/v7e-m+fp/hard/libc_nano.a(libc_a-qsort.o)
 .text.med3.constprop.0
                0x08007e7a       0x40 /Applications/STM32CubeIDE.app/Contents/Eclipse/plugins/com.st.stm32cube.ide.mcu.externaltools.gnu-tools-for-stm32.13.3.rel1.macos64_1.0.0.202411102158/tools/bin/../lib/gcc/arm-none-eabi/13.3.1/../../../../arm-none-eabi/lib/thumb/v7e-m+fp/hard/libc_nano.a(libc_a-qsort.o)
 .text.qsort    0x08007eba      0x28e /Applications/STM32CubeIDE.app/Contents/Eclipse/plugins/com.st.stm32cube.ide.mcu.externaltools.gnu-tools-for-stm32.13.3.rel1.macos64_1.0.0.202411102158/tools/bin/../lib/gcc/arm-none-eabi/13.3.1/../../../../arm-none-eabi/lib/thumb/v7e-m+fp/hard/libc_nano.a(libc_a-qsort.o)
                0x08007eba                qsort
 .text.snprintf
                0x08008148       0x6c /Applications/STM32CubeIDE.app/Contents/Eclipse/plugins/com.st.stm32cube.ide.mcu.externaltools.gnu-tools-for-stm32.13.3.rel1.macos64_1.0.0.202411102158/tools/bin/../lib/gcc/arm-none-eabi/13.3.1/../../../../arm-none-eabi/lib/thumb/v7e-m+fp/hard/libc_nano.a(libc_a-snprintf.o)
                0x08008148                snprintf
                0x08008148                sniprintf
 .text.memset   0x080081b4       0x10 /Applications/STM32CubeIDE.app/Contents/Eclipse/plugins/com.st.stm32cube.ide.mcu.externaltools.gnu-tools-for-stm32.13.3.rel1.macos64_1.0.0.202411102158/tools/bin/../lib/gcc/arm-none-eabi/13.3.1/../../../../arm-none-eabi/lib/thumb/v7e-m+fp/hard/libc_nano.a(libc_a-memset.o)
                0x080081b4                memset
 .text.__errno  0x080081c4        0xc /Applications/STM32CubeIDE.app/Contents/Eclipse/plugins/com.st.stm32cube.ide.mcu.externaltools.gnu-tools-for-stm32.13.3.rel1.macos64_1.0.0.202411102158/tools/bin/../lib/gcc/arm-none-eabi/13.3.1/../../../../arm-none-eabi/lib/thumb/v7e-m+fp/hard/libc_nano.a(libc_a-errno.o)
                0x080081c4                __errno
 .text.__libc_init_array
                0x080081d0       0x48 /Applications/STM32CubeIDE.app/Contents/Eclipse/plugins/com.st.stm32cube.ide.mcu.externaltools.gnu-tools-for-stm32.13.3.rel1.macos64_1.0.0.202411102158/tools/bin/../lib/gcc/arm-none-eabi/13.3.1/../../../../arm-none-eabi/lib/thumb/v7e-m+fp/hard/libc_nano.a(libc_a-init.o)
                0x080081d0                __libc_init_array
 .text.__retarget_lock_acquire_recursive
                0x08008218        0x2 /Applications/STM32CubeIDE.app/Contents/Eclipse/plugins/com.st.stm32cube.ide.mcu.externaltools.gnu-tools-for-stm32.13.3.rel1.macos64_1.0.0.202411102158/tools/bin/../lib/gcc/arm-none-eabi/13.3.1/../../../../arm-none-eabi/lib/thumb/v7e-m+fp/hard/libc_nano.a(libc_a-lock.o)
                0x08008218                __retarget_lock_acquire_recursive
 .text.__retarget_lock_release_recursive
                0x0800821a        0x2 /Applications/STM32CubeIDE.app/Contents/Eclipse/plugins/com.st.stm32cube.ide.mcu.externaltools.gnu-tools-for-stm32.13.3.rel1.macos64_1.0.0.202411102158/tools/bin/../lib/gcc/arm-none-eabi/13.3.1/../../../../arm-none-eabi/lib/thumb/v7e-m+fp/hard/libc_nano.a(libc_a-lock.o)
                0x0800821a                __retarget_lock_release_recursive
 .text._reclaim_reent
                0x0800821c       0xbc /Applications/STM32CubeIDE.app/Contents/Eclipse/plugins/com.st.stm32cube.ide.mcu.externaltools.gnu-tools-for-stm32.13.3.rel1.macos64_1.0.0.202411102158/tools/bin/../lib/gcc/arm-none-eabi/13.3.1/../../../../arm-none-eabi/lib/thumb/v7e-m+fp/hard/libc_nano.a(libc_a-reent.o)
                0x0800821c                _reclaim_reent
 .text.memcpy   0x080082d8       0x1c /Applications/STM32CubeIDE.app/Contents/Eclipse/plugins/com.st.stm32cube.ide.mcu.externaltools.gnu-tools-for-stm32.13.3.rel1.macos64_1.0.0.202411102158/tools/bin/../lib/gcc/arm-none-eabi/13.3.1/../../../../arm-none-eabi/lib/thumb/v7e-m+fp/hard/libc_nano.a(libc_a-memcpy-stub.o)
                0x080082d8                memcpy
 .text._free_r  0x080082f4       0x94 /Applications/STM32CubeIDE.app/Contents/Eclipse/plugins/com.st.stm32cube.ide.mcu.externaltools.gnu-tools-for-stm32.13.3.rel1.macos64_1.0.0.202411102158/tools/bin/../lib/gcc/arm-none-eabi/13.3.1/../../../../arm-none-eabi/lib/thumb/v7e-m+fp/hard/libc_nano.a(libc_a-freer.o)
                0x080082f4                _free_r
 .text.__ssputs_r
                0x08008388       0xb6 /Applications/STM32CubeIDE.app/Contents/Eclipse/plugins/com.st.stm32cube.ide.mcu.externaltools.gnu-tools-for-stm32.13.3.rel1.macos64_1.0.0.202411102158/tools/bin/../lib/gcc/arm-none-eabi/13.3.1/../../../../arm-none-eabi/lib/thumb/v7e-m+fp/hard/libc_nano.a(libc_a-nano-svfprintf.o)
                0x08008388                __ssputs_r
 *fill*         0x0800843e        0x2 
 .text._svfprintf_r
                0x08008440      0x1f8 /Applications/STM32CubeIDE.app/Contents/Eclipse/plugins/com.st.stm32cube.ide.mcu.externaltools.gnu-tools-for-stm32.13.3.rel1.macos64_1.0.0.202411102158/tools/bin/../lib/gcc/arm-none-eabi/13.3.1/../../../../arm-none-eabi/lib/thumb/v7e-m+fp/hard/libc_nano.a(libc_a-nano-svfprintf.o)
                0x08008440                _svfprintf_r
                0x08008440                _svfiprintf_r
 .text.sbrk_aligned
                0x08008638       0x44 /Applications/STM32CubeIDE.app/Contents/Eclipse/plugins/com.st.stm32cube.ide.mcu.externaltools.gnu-tools-for-stm32.13.3.rel1.macos64_1.0.0.202411102158/tools/bin/../lib/gcc/arm-none-eabi/13.3.1/../../../../arm-none-eabi/lib/thumb/v7e-m+fp/hard/libc_nano.a(libc_a-mallocr.o)
 .text._malloc_r
                0x0800867c      0x100 /Applications/STM32CubeIDE.app/Contents/Eclipse/plugins/com.st.stm32cube.ide.mcu.externaltools.gnu-tools-for-stm32.13.3.rel1.macos64_1.0.0.202411102158/tools/bin/../lib/gcc/arm-none-eabi/13.3.1/../../../../arm-none-eabi/lib/thumb/v7e-m+fp/hard/libc_nano.a(libc_a-mallocr.o)
                0x0800867c                _malloc_r
 .text._printf_common
                0x0800877c       0xda /Applications/STM32CubeIDE.app/Contents/Eclipse/plugins/com.st.stm32cube.ide.mcu.externaltools.gnu-tools-for-stm32.13.3.rel1.macos64_1.0.0.202411102158/tools/bin/../lib/gcc/arm-none-eabi/13.3.1/../../../../arm-none-eabi/lib/thumb/v7e-m+fp/hard/libc_nano.a(libc_a-nano-vfprintf_i.o)
                0x0800877c                _printf_common
 *fill*         0x08008856        0x2 
 .text._printf_i
                0x08008858      0x23c /Applications/STM32CubeIDE.app/Contents/Eclipse/plugins/com.st.stm32cube.ide.mcu.externaltools.gnu-tools-for-stm32.13.3.rel1.macos64_1.0.0.202411102158/tools/bin/../lib/gcc/arm-none-eabi/13.3.1/../../../../arm-none-eabi/lib/thumb/v7e-m+fp/hard/libc_nano.a(libc_a-nano-vfprintf_i.o)
                0x08008858                _printf_i
 .text.__malloc_lock
                0x08008a94        0xc /Applications/STM32CubeIDE.app/Contents/Eclipse/plugins/com.st.stm32cube.ide.mcu.externaltools.gnu-tools-for-stm32.13.3.rel1.macos64_1.0.0.202411102158/tools/bin/../lib/gcc/arm-none-eabi/13.3.1/../../../../arm-none-eabi/lib/thumb/v7e-m+fp/hard/libc_nano.a(libc_a-mlock.o)
                0x08008a94                __malloc_lock
 .text.__malloc_unlock
                0x08008aa0        0xc /Applications/STM32CubeIDE.app/Contents/Eclipse/plugins/com.st.stm32cube.ide.mcu.externaltools.gnu-tools-for-stm32.13.3.rel1.macos64_1.0.0.202411102158/tools/bin/../lib/gcc/arm-none-eabi/13.3.1/../../../../arm-none-eabi/lib/thumb/v7e-m+fp/hard/libc_nano.a(libc_a-mlock.o)
                0x08008aa0                __malloc_unlock
 .text._realloc_r
                0x08008aac       0x5c /Applications/STM32CubeIDE.app/Contents/Eclipse/plugins/com.st.stm32cube.ide.mcu.externaltools.gnu-tools-for-stm32.13.3.rel1.macos64_1.0.0.202411102158/tools/bin/../lib/gcc/arm-none-eabi/13.3.1/../../../../arm-none-eabi/lib/thumb/v7e-m+fp/hard/libc_nano.a(libc_a-reallocr.o)
                0x08008aac                _realloc_r
 .text.memmove  0x08008b08       0x34 /Applications/STM32CubeIDE.app/Contents/Eclipse/plugins/com.st.stm32cube.ide.mcu.externaltools.gnu-tools-for-stm32.13.3.rel1.macos64_1.0.0.202411102158/tools/bin/../lib/gcc/arm-none-eabi/13.3.1/../../../../arm-none-eabi/lib/thumb/v7e-m+fp/hard/libc_nano.a(libc_a-memmove.o)
                0x08008b08                memmove
 .text._sbrk_r  0x08008b3c       0x20 /Applications/STM32CubeIDE.app/Contents/Eclipse/plugins/com.st.stm32cube.ide.mcu.externaltools.gnu-tools-for-stm32.13.3.rel1.macos64_1.0.0.202411102158/tools/bin/../lib/gcc/arm-none-eabi/13.3.1/../../../../arm-none-eabi/lib/thumb/v7e-m+fp/hard/libc_nano.a(libc_a-sbrkr.o)
                0x08008b3c                _sbrk_r
 .text._malloc_usable_size_r
                0x08008b5c       0x10 /Applications/STM32CubeIDE.app/Contents/Eclipse/plugins/com.st.stm32cube.ide.mcu.externaltools.gnu-tools-for-stm32.13.3.rel1.macos64_1.0.0.202411102158/tools/bin/../lib/gcc/arm-none-eabi/13.3.1/../../../../arm-none-eabi/lib/thumb/v7e-m+fp/hard/libc_nano.a(libc_a-msizer.o)
                0x08008b5c                _malloc_usable_size_r
 *(.glue_7)
 .glue_7        0x08008b6c        0x0 linker stubs
 *(.glue_7t)
 .glue_7t       0x08008b6c        0x0 linker stubs
 *(.eh_frame)
 .eh_frame      0x08008b6c        0x0 /Applications/STM32CubeIDE.app/Contents/Eclipse/plugins/com.st.stm32cube.ide.mcu.externaltools.gnu-tools-for-stm32.13.3.rel1.macos64_1.0.0.202411102158/tools/bin/../lib/gcc/arm-none-eabi/13.3.1/thumb/v7e-m+fp/hard/crtbegin.o
 *(.init)
 .init          0x08008b6c        0x4 /Applications/STM32CubeIDE.app/Contents/Eclipse/plugins/com.st.stm32cube.ide.mcu.externaltools.gnu-tools-for-stm32.13.3.rel1.macos64_1.0.0.202411102158/tools/bin/../lib/gcc/arm-none-eabi/13.3.1/thumb/v7e-m+fp/hard/crti.o
                0x08008b6c                _init
 .init          0x08008b70        0x8 /Applications/STM32CubeIDE.app/Contents/Eclipse/plugins/com.st.stm32cube.ide.mcu.externaltools.gnu-tools-for-stm32.13.3.rel1.macos64_1.0.0.202411102158/tools/bin/../lib/gcc/arm-none-eabi/13.3.1/thumb/v7e-m+fp/hard/crtn.o
 *(.fini)
 .fini          0x08008b78        0x4 /Applications/STM32CubeIDE.app/Contents/Eclipse/plugins/com.st.stm32cube.ide.mcu.externaltools.gnu-tools-for-stm32.13.3.rel1.macos64_1.0.0.202411102158/tools/bin/../lib/gcc/arm-none-eabi/13.3.1/thumb/v7e-m+fp/hard/crti.o
                0x08008b78                _fini
 .fini          0x08008b7c        0x8 /Applications/STM32CubeIDE.app/Contents/Eclipse/plugins/com.st.stm32cube.ide.mcu.externaltools.gnu-tools-for-stm32.13.3.rel1.macos64_1.0.0.202411102158/tools/bin/../lib/gcc/arm-none-eabi/13.3.1/thumb/v7e-m+fp/hard/crtn.o
                0x08008b84                        . = ALIGN (0x4)
                0x08008b84                        _etext = .

.vfp11_veneer   0x08008b84        0x0
 .vfp11_veneer  0x08008b84        0x0 linker stubs

.v4_bx          0x08008b84        0x0
 .v4_bx         0x08008b84        0x0 linker stubs

.iplt           0x08008b84        0x0
 .iplt          0x08008b84        0x0 /Applications/STM32CubeIDE.app/Contents/Eclipse/plugins/com.st.stm32cube.ide.mcu.externaltools.gnu-tools-for-stm32.13.3.rel1.macos64_1.0.0.202411102158/tools/bin/../lib/gcc/arm-none-eabi/13.3.1/thumb/v7e-m+fp/hard/crtbegin.o

.rodata         0x08008b84      0x100
                0x08008b84                        . = ALIGN (0x4)
 *(.rodata)
 .rodata        0x08008b84       0x34 ./Core/Src/MSTScheduler.o
 .rodata        0x08008bb8       0x36 ./Core/Src/main.o
 *fill*         0x08008bee        0x2 
 .rodata        0x08008bf0       0x30 ./Middlewares/Third_Party/FreeRTOS/Source/tasks.o
 .rodata        0x08008c20        0xd ./Middlewares/Third_Party/FreeRTOS/Source/timers.o
 *(.rodata*)
 *fill*         0x08008c2d        0x3 
 .rodata.AHBPrescTable
                0x08008c30       0x10 ./Core/Src/system_stm32f4xx.o
                0x08008c30                AHBPrescTable
 .rodata.APBPrescTable
                0x08008c40        0x8 ./Core/Src/system_stm32f4xx.o
                0x08008c40                APBPrescTable
 .rodata.flagBitshiftOffset.0
                0x08008c48        0x8 ./Drivers/STM32F4xx_HAL_Driver/Src/stm32f4xx_hal_dma.o
 .rodata._svfprintf_r.str1.1
                0x08008c50       0x33 /Applications/STM32CubeIDE.app/Contents/Eclipse/plugins/com.st.stm32cube.ide.mcu.externaltools.gnu-tools-for-stm32.13.3.rel1.macos64_1.0.0.202411102158/tools/bin/../lib/gcc/arm-none-eabi/13.3.1/../../../../arm-none-eabi/lib/thumb/v7e-m+fp/hard/libc_nano.a(libc_a-nano-svfprintf.o)
                                 0x11 (size before relaxing)
 .rodata._printf_i.str1.1
                0x08008c83       0x22 /Applications/STM32CubeIDE.app/Contents/Eclipse/plugins/com.st.stm32cube.ide.mcu.externaltools.gnu-tools-for-stm32.13.3.rel1.macos64_1.0.0.202411102158/tools/bin/../lib/gcc/arm-none-eabi/13.3.1/../../../../arm-none-eabi/lib/thumb/v7e-m+fp/hard/libc_nano.a(libc_a-nano-vfprintf_i.o)
                0x08008ca8                        . = ALIGN (0x4)
 *fill*         0x08008c83        0x1 

.ARM.extab      0x08008c84        0x0
                0x08008c84                        . = ALIGN (0x4)
 *(.ARM.extab* .gnu.linkonce.armextab.*)
                0x08008c84                        . = ALIGN (0x4)

.ARM            0x08008c84        0x8
                0x08008c84                        . = ALIGN (0x4)
                0x08008c84                        __exidx_start = .
 *(.ARM.exidx*)
 .ARM.exidx     0x08008c84        0x8 /Applications/STM32CubeIDE.app/Contents/Eclipse/plugins/com.st.stm32cube.ide.mcu.externaltools.gnu-tools-for-stm32.13.3.rel1.macos64_1.0.0.202411102158/tools/bin/../lib/gcc/arm-none-eabi/13.3.1/../../../../arm-none-eabi/lib/thumb/v7e-m+fp/hard/libc_nano.a(libc_a-memchr.o)
 .ARM.exidx     0x08008c8c        0x0 /Applications/STM32CubeIDE.app/Contents/Eclipse/plugins/com.st.stm32cube.ide.mcu.externaltools.gnu-tools-for-stm32.13.3.rel1.macos64_1.0.0.202411102158/tools/bin/../lib/gcc/arm-none-eabi/13.3.1/thumb/v7e-m+fp/hard/libgcc.a(_udivmoddi4.o)
                                  0x8 (size before relaxing)
                0x08008c8c                        __exidx_end = .
                0x08008c8c                        . = ALIGN (0x4)

.preinit_array  0x08008c8c        0x0
                0x08008c8c                        . = ALIGN (0x4)
                0x08008c8c                        PROVIDE (__preinit_array_start = .)
 *(.preinit_array*)
                0x08008c8c                        PROVIDE (__preinit_array_end = .)
                0x08008c8c                        . = ALIGN (0x4)

.init_array     0x08008c8c        0x4
                0x08008c8c                        . = ALIGN (0x4)
                0x08008c8c                        PROVIDE (__init_array_start = .)
 *(SORT_BY_NAME(.init_array.*))
 *(.init_array*)
 .init_array    0x08008c8c        0x4 /Applications/STM32CubeIDE.app/Contents/Eclipse/plugins/com.st.stm32cube.ide.mcu.externaltools.gnu-tools-for-stm32.13.3.rel1.macos64_1.0.0.202411102158/tools/bin/../lib/gcc/arm-none-eabi/13.3.1/thumb/v7e-m+fp/hard/crtbegin.o
                0x08008c90                        PROVIDE (__init_array_end = .)
                0x08008c90                        . = ALIGN (0x4)

.fini_array     0x08008c90        0x4
                0x08008c90                        . = ALIGN (0x4)
                [!provide]                        PROVIDE (__fini_array_start = .)
 *(SORT_BY_NAME(.fini_array.*))
 *(.fini_array*)
 .fini_array    0x08008c90        0x4 /Applications/STM32CubeIDE.app/Contents/Eclipse/plugins/com.st.stm32cube.ide.mcu.externaltools.gnu-tools-for-stm32.13.3.rel1.macos64_1.0.0.202411102158/tools/bin/../lib/gcc/arm-none-eabi/13.3.1/thumb/v7e-m+fp/hard/crtbegin.o
                [!provide]                        PROVIDE (__fini_array_end = .)
                0x08008c94                        . = ALIGN (0x4)
                0x08008c94                        _sidata = LOADADDR (.data)

.rel.dyn        0x08008c94        0x0
 .rel.iplt      0x08008c94        0x0 /Applications/STM32CubeIDE.app/Contents/Eclipse/plugins/com.st.stm32cube.ide.mcu.externaltools.gnu-tools-for-stm32.13.3.rel1.macos64_1.0.0.202411102158/tools/bin/../lib/gcc/arm-none-eabi/13.3.1/thumb/v7e-m+fp/hard/crtbegin.o

.data           0x20000000       0x60 load address 0x08008c94
                0x20000000                        . = ALIGN (0x4)
                0x20000000                        _sdata = .
 *(.data)
 *(.data*)
 .data.SystemCoreClock
                0x20000000        0x4 ./Core/Src/system_stm32f4xx.o
                0x20000000                SystemCoreClock
 .data.uwTickPrio
                0x20000004        0x4 ./Drivers/STM32F4xx_HAL_Driver/Src/stm32f4xx_hal.o
                0x20000004                uwTickPrio
 .data.uwTickFreq
                0x20000008        0x1 ./Drivers/STM32F4xx_HAL_Driver/Src/stm32f4xx_hal.o
                0x20000008                uwTickFreq
 *fill*         0x20000009        0x3 
 .data.uxCriticalNesting
                0x2000000c        0x4 ./Middlewares/Third_Party/FreeRTOS/Source/portable/GCC/ARM_CM4F/port.o
 .data._impure_ptr
                0x20000010        0x4 /Applications/STM32CubeIDE.app/Contents/Eclipse/plugins/com.st.stm32cube.ide.mcu.externaltools.gnu-tools-for-stm32.13.3.rel1.macos64_1.0.0.202411102158/tools/bin/../lib/gcc/arm-none-eabi/13.3.1/../../../../arm-none-eabi/lib/thumb/v7e-m+fp/hard/libc_nano.a(libc_a-impure.o)
                0x20000010                _impure_ptr
 .data._impure_data
                0x20000014       0x4c /Applications/STM32CubeIDE.app/Contents/Eclipse/plugins/com.st.stm32cube.ide.mcu.externaltools.gnu-tools-for-stm32.13.3.rel1.macos64_1.0.0.202411102158/tools/bin/../lib/gcc/arm-none-eabi/13.3.1/../../../../arm-none-eabi/lib/thumb/v7e-m+fp/hard/libc_nano.a(libc_a-impure.o)
                0x20000014                _impure_data
 *(.RamFunc)
 *(.RamFunc*)
                0x20000060                        . = ALIGN (0x4)
                0x20000060                        _edata = .

.igot.plt       0x20000060        0x0 load address 0x08008cf4
 .igot.plt      0x20000060        0x0 /Applications/STM32CubeIDE.app/Contents/Eclipse/plugins/com.st.stm32cube.ide.mcu.externaltools.gnu-tools-for-stm32.13.3.rel1.macos64_1.0.0.202411102158/tools/bin/../lib/gcc/arm-none-eabi/13.3.1/thumb/v7e-m+fp/hard/crtbegin.o
                0x20000060                        . = ALIGN (0x4)

.bss            0x20000060     0x4dcc load address 0x08008cf4
                0x20000060                        _sbss = .
                0x20000060                        __bss_start__ = _sbss
 *(.bss)
 .bss           0x20000060       0x1c /Applications/STM32CubeIDE.app/Contents/Eclipse/plugins/com.st.stm32cube.ide.mcu.externaltools.gnu-tools-for-stm32.13.3.rel1.macos64_1.0.0.202411102158/tools/bin/../lib/gcc/arm-none-eabi/13.3.1/thumb/v7e-m+fp/hard/crtbegin.o
 *(.bss*)
 .bss.vTasksListInit
                0x2000007c        0x4 ./Core/Src/MSTScheduler.o
 .bss.xTasksList
                0x20000080       0x14 ./Core/Src/MSTScheduler.o
 .bss.xListTasksNumber
                0x20000094        0x4 ./Core/Src/MSTScheduler.o
 .bss.ulStatsTimerTicks
                0x20000098        0x4 ./Core/Src/freertos.o
                0x20000098                ulStatsTimerTicks
 .bss.htim2     0x2000009c       0x48 ./Core/Src/main.o
                0x2000009c                htim2
 .bss.htim10    0x200000e4       0x48 ./Core/Src/main.o
                0x200000e4                htim10
 .bss.huart1    0x2000012c       0x48 ./Core/Src/main.o
                0x2000012c                huart1
 .bss.huart2    0x20000174       0x48 ./Core/Src/main.o
                0x20000174                huart2
 .bss.hdma_usart2_tx
                0x200001bc       0x60 ./Core/Src/main.o
                0x200001bc                hdma_usart2_tx
 .bss.xBinarySemUART2
                0x2000021c        0x4 ./Core/Src/main.o
                0x2000021c                xBinarySemUART2
 .bss.transmit  0x20000220       0x14 ./Core/Src/main.o
                0x20000220                transmit
 .bss.length    0x20000234        0x4 ./Core/Src/main.o
                0x20000234                length
 .bss.Task1Handle
                0x20000238        0x4 ./Core/Src/main.o
                0x20000238                Task1Handle
 .bss.Task2Handle
                0x2000023c        0x4 ./Core/Src/main.o
                0x2000023c                Task2Handle
 .bss.Task3Handle
                0x20000240        0x4 ./Core/Src/main.o
                0x20000240                Task3Handle
 .bss.Task4Handle
                0x20000244        0x4 ./Core/Src/main.o
                0x20000244                Task4Handle
 .bss.htim9     0x20000248       0x48 ./Core/Src/stm32f4xx_hal_timebase_tim.o
                0x20000248                htim9
 .bss.__sbrk_heap_end
                0x20000290        0x4 ./Core/Src/sysmem.o
 .bss.uwTick    0x20000294        0x4 ./Drivers/STM32F4xx_HAL_Driver/Src/stm32f4xx_hal.o
                0x20000294                uwTick
 .bss.Idle_TCB.3
                0x20000298       0xd8 ./Middlewares/Third_Party/FreeRTOS/Source/CMSIS_RTOS_V2/cmsis_os2.o
 .bss.Idle_Stack.2
                0x20000370      0x200 ./Middlewares/Third_Party/FreeRTOS/Source/CMSIS_RTOS_V2/cmsis_os2.o
 .bss.Timer_TCB.1
                0x20000570       0xd8 ./Middlewares/Third_Party/FreeRTOS/Source/CMSIS_RTOS_V2/cmsis_os2.o
 .bss.Timer_Stack.0
                0x20000648      0x400 ./Middlewares/Third_Party/FreeRTOS/Source/CMSIS_RTOS_V2/cmsis_os2.o
 .bss.xQueueRegistry
                0x20000a48       0x40 ./Middlewares/Third_Party/FreeRTOS/Source/queue.o
                0x20000a48                xQueueRegistry
 .bss.pxCurrentTCB
                0x20000a88        0x4 ./Middlewares/Third_Party/FreeRTOS/Source/tasks.o
                0x20000a88                pxCurrentTCB
 .bss.pxReadyTasksLists
                0x20000a8c      0x460 ./Middlewares/Third_Party/FreeRTOS/Source/tasks.o
 .bss.xDelayedTaskList1
                0x20000eec       0x14 ./Middlewares/Third_Party/FreeRTOS/Source/tasks.o
 .bss.xDelayedTaskList2
                0x20000f00       0x14 ./Middlewares/Third_Party/FreeRTOS/Source/tasks.o
 .bss.pxDelayedTaskList
                0x20000f14        0x4 ./Middlewares/Third_Party/FreeRTOS/Source/tasks.o
 .bss.pxOverflowDelayedTaskList
                0x20000f18        0x4 ./Middlewares/Third_Party/FreeRTOS/Source/tasks.o
 .bss.xPendingReadyList
                0x20000f1c       0x14 ./Middlewares/Third_Party/FreeRTOS/Source/tasks.o
 .bss.xTasksWaitingTermination
                0x20000f30       0x14 ./Middlewares/Third_Party/FreeRTOS/Source/tasks.o
 .bss.uxDeletedTasksWaitingCleanUp
                0x20000f44        0x4 ./Middlewares/Third_Party/FreeRTOS/Source/tasks.o
 .bss.xSuspendedTaskList
                0x20000f48       0x14 ./Middlewares/Third_Party/FreeRTOS/Source/tasks.o
 .bss.uxCurrentNumberOfTasks
                0x20000f5c        0x4 ./Middlewares/Third_Party/FreeRTOS/Source/tasks.o
 .bss.xTickCount
                0x20000f60        0x4 ./Middlewares/Third_Party/FreeRTOS/Source/tasks.o
 .bss.uxTopReadyPriority
                0x20000f64        0x4 ./Middlewares/Third_Party/FreeRTOS/Source/tasks.o
 .bss.xSchedulerRunning
                0x20000f68        0x4 ./Middlewares/Third_Party/FreeRTOS/Source/tasks.o
 .bss.xPendedTicks
                0x20000f6c        0x4 ./Middlewares/Third_Party/FreeRTOS/Source/tasks.o
 .bss.xYieldPending
                0x20000f70        0x4 ./Middlewares/Third_Party/FreeRTOS/Source/tasks.o
 .bss.xNumOfOverflows
                0x20000f74        0x4 ./Middlewares/Third_Party/FreeRTOS/Source/tasks.o
 .bss.uxTaskNumber
                0x20000f78        0x4 ./Middlewares/Third_Party/FreeRTOS/Source/tasks.o
 .bss.xNextTaskUnblockTime
                0x20000f7c        0x4 ./Middlewares/Third_Party/FreeRTOS/Source/tasks.o
 .bss.xIdleTaskHandle
                0x20000f80        0x4 ./Middlewares/Third_Party/FreeRTOS/Source/tasks.o
 .bss.uxSchedulerSuspended
                0x20000f84        0x4 ./Middlewares/Third_Party/FreeRTOS/Source/tasks.o
 .bss.ulTaskSwitchedInTime
                0x20000f88        0x4 ./Middlewares/Third_Party/FreeRTOS/Source/tasks.o
 .bss.ulTotalRunTime
                0x20000f8c        0x4 ./Middlewares/Third_Party/FreeRTOS/Source/tasks.o
 .bss.xActiveTimerList1
                0x20000f90       0x14 ./Middlewares/Third_Party/FreeRTOS/Source/timers.o
 .bss.xActiveTimerList2
                0x20000fa4       0x14 ./Middlewares/Third_Party/FreeRTOS/Source/timers.o
 .bss.pxCurrentTimerList
                0x20000fb8        0x4 ./Middlewares/Third_Party/FreeRTOS/Source/timers.o
 .bss.pxOverflowTimerList
                0x20000fbc        0x4 ./Middlewares/Third_Party/FreeRTOS/Source/timers.o
 .bss.xTimerQueue
                0x20000fc0        0x4 ./Middlewares/Third_Party/FreeRTOS/Source/timers.o
 .bss.xTimerTaskHandle
                0x20000fc4        0x4 ./Middlewares/Third_Party/FreeRTOS/Source/timers.o
 .bss.xLastTime.2
                0x20000fc8        0x4 ./Middlewares/Third_Party/FreeRTOS/Source/timers.o
 .bss.ucStaticTimerQueueStorage.1
                0x20000fcc       0xa0 ./Middlewares/Third_Party/FreeRTOS/Source/timers.o
 .bss.xStaticTimerQueue.0
                0x2000106c       0x50 ./Middlewares/Third_Party/FreeRTOS/Source/timers.o
 .bss.ucMaxSysCallPriority
                0x200010bc        0x1 ./Middlewares/Third_Party/FreeRTOS/Source/portable/GCC/ARM_CM4F/port.o
 *fill*         0x200010bd        0x3 
 .bss.ulMaxPRIGROUPValue
                0x200010c0        0x4 ./Middlewares/Third_Party/FreeRTOS/Source/portable/GCC/ARM_CM4F/port.o
 .bss.ucHeap    0x200010c4     0x3bff ./Middlewares/Third_Party/FreeRTOS/Source/portable/MemMang/heap_4.o
 *fill*         0x20004cc3        0x1 
 .bss.xStart    0x20004cc4        0x8 ./Middlewares/Third_Party/FreeRTOS/Source/portable/MemMang/heap_4.o
 .bss.pxEnd     0x20004ccc        0x4 ./Middlewares/Third_Party/FreeRTOS/Source/portable/MemMang/heap_4.o
 .bss.xFreeBytesRemaining
                0x20004cd0        0x4 ./Middlewares/Third_Party/FreeRTOS/Source/portable/MemMang/heap_4.o
 .bss.xMinimumEverFreeBytesRemaining
                0x20004cd4        0x4 ./Middlewares/Third_Party/FreeRTOS/Source/portable/MemMang/heap_4.o
 .bss.xNumberOfSuccessfulAllocations
                0x20004cd8        0x4 ./Middlewares/Third_Party/FreeRTOS/Source/portable/MemMang/heap_4.o
 .bss.xNumberOfSuccessfulFrees
                0x20004cdc        0x4 ./Middlewares/Third_Party/FreeRTOS/Source/portable/MemMang/heap_4.o
 .bss.xBlockAllocatedBit
                0x20004ce0        0x4 ./Middlewares/Third_Party/FreeRTOS/Source/portable/MemMang/heap_4.o
 .bss.__sf      0x20004ce4      0x138 /Applications/STM32CubeIDE.app/Contents/Eclipse/plugins/com.st.stm32cube.ide.mcu.externaltools.gnu-tools-for-stm32.13.3.rel1.macos64_1.0.0.202411102158/tools/bin/../lib/gcc/arm-none-eabi/13.3.1/../../../../arm-none-eabi/lib/thumb/v7e-m+fp/hard/libc_nano.a(libc_a-findfp.o)
                0x20004ce4                __sf
 .bss.__lock___malloc_recursive_mutex
                0x20004e1c        0x1 /Applications/STM32CubeIDE.app/Contents/Eclipse/plugins/com.st.stm32cube.ide.mcu.externaltools.gnu-tools-for-stm32.13.3.rel1.macos64_1.0.0.202411102158/tools/bin/../lib/gcc/arm-none-eabi/13.3.1/../../../../arm-none-eabi/lib/thumb/v7e-m+fp/hard/libc_nano.a(libc_a-lock.o)
                0x20004e1c                __lock___malloc_recursive_mutex
 *fill*         0x20004e1d        0x3 
 .bss.errno     0x20004e20        0x4 /Applications/STM32CubeIDE.app/Contents/Eclipse/plugins/com.st.stm32cube.ide.mcu.externaltools.gnu-tools-for-stm32.13.3.rel1.macos64_1.0.0.202411102158/tools/bin/../lib/gcc/arm-none-eabi/13.3.1/../../../../arm-none-eabi/lib/thumb/v7e-m+fp/hard/libc_nano.a(libc_a-reent.o)
                0x20004e20                errno
 .bss.__malloc_sbrk_start
                0x20004e24        0x4 /Applications/STM32CubeIDE.app/Contents/Eclipse/plugins/com.st.stm32cube.ide.mcu.externaltools.gnu-tools-for-stm32.13.3.rel1.macos64_1.0.0.202411102158/tools/bin/../lib/gcc/arm-none-eabi/13.3.1/../../../../arm-none-eabi/lib/thumb/v7e-m+fp/hard/libc_nano.a(libc_a-mallocr.o)
                0x20004e24                __malloc_sbrk_start
 .bss.__malloc_free_list
                0x20004e28        0x4 /Applications/STM32CubeIDE.app/Contents/Eclipse/plugins/com.st.stm32cube.ide.mcu.externaltools.gnu-tools-for-stm32.13.3.rel1.macos64_1.0.0.202411102158/tools/bin/../lib/gcc/arm-none-eabi/13.3.1/../../../../arm-none-eabi/lib/thumb/v7e-m+fp/hard/libc_nano.a(libc_a-mallocr.o)
                0x20004e28                __malloc_free_list
 *(COMMON)
                0x20004e2c                        . = ALIGN (0x4)
                0x20004e2c                        _ebss = .
                0x20004e2c                        __bss_end__ = _ebss

._user_heap_stack
                0x20004e2c      0x604 load address 0x08008cf4
                0x20004e30                        . = ALIGN (0x8)
 *fill*         0x20004e2c        0x4 
                [!provide]                        PROVIDE (end = .)
                0x20004e30                        PROVIDE (_end = .)
                0x20005030                        . = (. + _Min_Heap_Size)
 *fill*         0x20004e30      0x200 
                0x20005430                        . = (. + _Min_Stack_Size)
 *fill*         0x20005030      0x400 
                0x20005430                        . = ALIGN (0x8)

/DISCARD/
 libc.a(*)
 libm.a(*)
 libgcc.a(*)

.ARM.attributes
                0x00000000       0x30
 *(.ARM.attributes)
 .ARM.attributes
                0x00000000       0x22 /Applications/STM32CubeIDE.app/Contents/Eclipse/plugins/com.st.stm32cube.ide.mcu.externaltools.gnu-tools-for-stm32.13.3.rel1.macos64_1.0.0.202411102158/tools/bin/../lib/gcc/arm-none-eabi/13.3.1/thumb/v7e-m+fp/hard/crti.o
 .ARM.attributes
                0x00000022       0x34 /Applications/STM32CubeIDE.app/Contents/Eclipse/plugins/com.st.stm32cube.ide.mcu.externaltools.gnu-tools-for-stm32.13.3.rel1.macos64_1.0.0.202411102158/tools/bin/../lib/gcc/arm-none-eabi/13.3.1/thumb/v7e-m+fp/hard/crtbegin.o
 .ARM.attributes
                0x00000056       0x34 ./Core/Src/MSTScheduler.o
 .ARM.attributes
                0x0000008a       0x34 ./Core/Src/freertos.o
 .ARM.attributes
                0x000000be       0x34 ./Core/Src/main.o
 .ARM.attributes
                0x000000f2       0x34 ./Core/Src/stm32f4xx_hal_msp.o
 .ARM.attributes
                0x00000126       0x34 ./Core/Src/stm32f4xx_hal_timebase_tim.o
 .ARM.attributes
                0x0000015a       0x34 ./Core/Src/stm32f4xx_it.o
 .ARM.attributes
                0x0000018e       0x34 ./Core/Src/sysmem.o
 .ARM.attributes
                0x000001c2       0x34 ./Core/Src/system_stm32f4xx.o
 .ARM.attributes
                0x000001f6       0x21 ./Core/Startup/startup_stm32f401retx.o
 .ARM.attributes
                0x00000217       0x34 ./Drivers/STM32F4xx_HAL_Driver/Src/stm32f4xx_hal.o
 .ARM.attributes
                0x0000024b       0x34 ./Drivers/STM32F4xx_HAL_Driver/Src/stm32f4xx_hal_cortex.o
 .ARM.attributes
                0x0000027f       0x34 ./Drivers/STM32F4xx_HAL_Driver/Src/stm32f4xx_hal_dma.o
 .ARM.attributes
                0x000002b3       0x34 ./Drivers/STM32F4xx_HAL_Driver/Src/stm32f4xx_hal_gpio.o
 .ARM.attributes
                0x000002e7       0x34 ./Drivers/STM32F4xx_HAL_Driver/Src/stm32f4xx_hal_rcc.o
 .ARM.attributes
                0x0000031b       0x34 ./Drivers/STM32F4xx_HAL_Driver/Src/stm32f4xx_hal_tim.o
 .ARM.attributes
                0x0000034f       0x34 ./Drivers/STM32F4xx_HAL_Driver/Src/stm32f4xx_hal_tim_ex.o
 .ARM.attributes
                0x00000383       0x34 ./Drivers/STM32F4xx_HAL_Driver/Src/stm32f4xx_hal_uart.o
 .ARM.attributes
                0x000003b7       0x34 ./Middlewares/Third_Party/FreeRTOS/Source/CMSIS_RTOS_V2/cmsis_os2.o
 .ARM.attributes
                0x000003eb       0x34 ./Middlewares/Third_Party/FreeRTOS/Source/list.o
 .ARM.attributes
                0x0000041f       0x34 ./Middlewares/Third_Party/FreeRTOS/Source/queue.o
 .ARM.attributes
                0x00000453       0x34 ./Middlewares/Third_Party/FreeRTOS/Source/tasks.o
 .ARM.attributes
                0x00000487       0x34 ./Middlewares/Third_Party/FreeRTOS/Source/timers.o
 .ARM.attributes
                0x000004bb       0x34 ./Middlewares/Third_Party/FreeRTOS/Source/portable/GCC/ARM_CM4F/port.o
 .ARM.attributes
                0x000004ef       0x34 ./Middlewares/Third_Party/FreeRTOS/Source/portable/MemMang/heap_4.o
 .ARM.attributes
                0x00000523       0x34 /Applications/STM32CubeIDE.app/Contents/Eclipse/plugins/com.st.stm32cube.ide.mcu.externaltools.gnu-tools-for-stm32.13.3.rel1.macos64_1.0.0.202411102158/tools/bin/../lib/gcc/arm-none-eabi/13.3.1/../../../../arm-none-eabi/lib/thumb/v7e-m+fp/hard/libc_nano.a(libc_a-qsort.o)
 .ARM.attributes
                0x00000557       0x34 /Applications/STM32CubeIDE.app/Contents/Eclipse/plugins/com.st.stm32cube.ide.mcu.externaltools.gnu-tools-for-stm32.13.3.rel1.macos64_1.0.0.202411102158/tools/bin/../lib/gcc/arm-none-eabi/13.3.1/../../../../arm-none-eabi/lib/thumb/v7e-m+fp/hard/libc_nano.a(libc_a-snprintf.o)
 .ARM.attributes
                0x0000058b       0x34 /Applications/STM32CubeIDE.app/Contents/Eclipse/plugins/com.st.stm32cube.ide.mcu.externaltools.gnu-tools-for-stm32.13.3.rel1.macos64_1.0.0.202411102158/tools/bin/../lib/gcc/arm-none-eabi/13.3.1/../../../../arm-none-eabi/lib/thumb/v7e-m+fp/hard/libc_nano.a(libc_a-findfp.o)
 .ARM.attributes
                0x000005bf       0x34 /Applications/STM32CubeIDE.app/Contents/Eclipse/plugins/com.st.stm32cube.ide.mcu.externaltools.gnu-tools-for-stm32.13.3.rel1.macos64_1.0.0.202411102158/tools/bin/../lib/gcc/arm-none-eabi/13.3.1/../../../../arm-none-eabi/lib/thumb/v7e-m+fp/hard/libc_nano.a(libc_a-memset.o)
 .ARM.attributes
                0x000005f3       0x34 /Applications/STM32CubeIDE.app/Contents/Eclipse/plugins/com.st.stm32cube.ide.mcu.externaltools.gnu-tools-for-stm32.13.3.rel1.macos64_1.0.0.202411102158/tools/bin/../lib/gcc/arm-none-eabi/13.3.1/../../../../arm-none-eabi/lib/thumb/v7e-m+fp/hard/libc_nano.a(libc_a-errno.o)
 .ARM.attributes
                0x00000627       0x34 /Applications/STM32CubeIDE.app/Contents/Eclipse/plugins/com.st.stm32cube.ide.mcu.externaltools.gnu-tools-for-stm32.13.3.rel1.macos64_1.0.0.202411102158/tools/bin/../lib/gcc/arm-none-eabi/13.3.1/../../../../arm-none-eabi/lib/thumb/v7e-m+fp/hard/libc_nano.a(libc_a-init.o)
 .ARM.attributes
                0x0000065b       0x34 /Applications/STM32CubeIDE.app/Contents/Eclipse/plugins/com.st.stm32cube.ide.mcu.externaltools.gnu-tools-for-stm32.13.3.rel1.macos64_1.0.0.202411102158/tools/bin/../lib/gcc/arm-none-eabi/13.3.1/../../../../arm-none-eabi/lib/thumb/v7e-m+fp/hard/libc_nano.a(libc_a-lock.o)
 .ARM.attributes
                0x0000068f       0x34 /Applications/STM32CubeIDE.app/Contents/Eclipse/plugins/com.st.stm32cube.ide.mcu.externaltools.gnu-tools-for-stm32.13.3.rel1.macos64_1.0.0.202411102158/tools/bin/../lib/gcc/arm-none-eabi/13.3.1/../../../../arm-none-eabi/lib/thumb/v7e-m+fp/hard/libc_nano.a(libc_a-reent.o)
 .ARM.attributes
                0x000006c3       0x34 /Applications/STM32CubeIDE.app/Contents/Eclipse/plugins/com.st.stm32cube.ide.mcu.externaltools.gnu-tools-for-stm32.13.3.rel1.macos64_1.0.0.202411102158/tools/bin/../lib/gcc/arm-none-eabi/13.3.1/../../../../arm-none-eabi/lib/thumb/v7e-m+fp/hard/libc_nano.a(libc_a-impure.o)
 .ARM.attributes
                0x000006f7       0x34 /Applications/STM32CubeIDE.app/Contents/Eclipse/plugins/com.st.stm32cube.ide.mcu.externaltools.gnu-tools-for-stm32.13.3.rel1.macos64_1.0.0.202411102158/tools/bin/../lib/gcc/arm-none-eabi/13.3.1/../../../../arm-none-eabi/lib/thumb/v7e-m+fp/hard/libc_nano.a(libc_a-memcpy-stub.o)
 .ARM.attributes
                0x0000072b       0x34 /Applications/STM32CubeIDE.app/Contents/Eclipse/plugins/com.st.stm32cube.ide.mcu.externaltools.gnu-tools-for-stm32.13.3.rel1.macos64_1.0.0.202411102158/tools/bin/../lib/gcc/arm-none-eabi/13.3.1/../../../../arm-none-eabi/lib/thumb/v7e-m+fp/hard/libc_nano.a(libc_a-freer.o)
 .ARM.attributes
                0x0000075f       0x34 /Applications/STM32CubeIDE.app/Contents/Eclipse/plugins/com.st.stm32cube.ide.mcu.externaltools.gnu-tools-for-stm32.13.3.rel1.macos64_1.0.0.202411102158/tools/bin/../lib/gcc/arm-none-eabi/13.3.1/../../../../arm-none-eabi/lib/thumb/v7e-m+fp/hard/libc_nano.a(libc_a-nano-svfprintf.o)
 .ARM.attributes
                0x00000793       0x34 /Applications/STM32CubeIDE.app/Contents/Eclipse/plugins/com.st.stm32cube.ide.mcu.externaltools.gnu-tools-for-stm32.13.3.rel1.macos64_1.0.0.202411102158/tools/bin/../lib/gcc/arm-none-eabi/13.3.1/../../../../arm-none-eabi/lib/thumb/v7e-m+fp/hard/libc_nano.a(libc_a-mallocr.o)
 .ARM.attributes
                0x000007c7       0x34 /Applications/STM32CubeIDE.app/Contents/Eclipse/plugins/com.st.stm32cube.ide.mcu.externaltools.gnu-tools-for-stm32.13.3.rel1.macos64_1.0.0.202411102158/tools/bin/../lib/gcc/arm-none-eabi/13.3.1/../../../../arm-none-eabi/lib/thumb/v7e-m+fp/hard/libc_nano.a(libc_a-nano-vfprintf_i.o)
 .ARM.attributes
                0x000007fb       0x34 /Applications/STM32CubeIDE.app/Contents/Eclipse/plugins/com.st.stm32cube.ide.mcu.externaltools.gnu-tools-for-stm32.13.3.rel1.macos64_1.0.0.202411102158/tools/bin/../lib/gcc/arm-none-eabi/13.3.1/../../../../arm-none-eabi/lib/thumb/v7e-m+fp/hard/libc_nano.a(libc_a-mlock.o)
 .ARM.attributes
                0x0000082f       0x34 /Applications/STM32CubeIDE.app/Contents/Eclipse/plugins/com.st.stm32cube.ide.mcu.externaltools.gnu-tools-for-stm32.13.3.rel1.macos64_1.0.0.202411102158/tools/bin/../lib/gcc/arm-none-eabi/13.3.1/../../../../arm-none-eabi/lib/thumb/v7e-m+fp/hard/libc_nano.a(libc_a-reallocr.o)
 .ARM.attributes
                0x00000863       0x34 /Applications/STM32CubeIDE.app/Contents/Eclipse/plugins/com.st.stm32cube.ide.mcu.externaltools.gnu-tools-for-stm32.13.3.rel1.macos64_1.0.0.202411102158/tools/bin/../lib/gcc/arm-none-eabi/13.3.1/../../../../arm-none-eabi/lib/thumb/v7e-m+fp/hard/libc_nano.a(libc_a-memmove.o)
 .ARM.attributes
                0x00000897       0x34 /Applications/STM32CubeIDE.app/Contents/Eclipse/plugins/com.st.stm32cube.ide.mcu.externaltools.gnu-tools-for-stm32.13.3.rel1.macos64_1.0.0.202411102158/tools/bin/../lib/gcc/arm-none-eabi/13.3.1/../../../../arm-none-eabi/lib/thumb/v7e-m+fp/hard/libc_nano.a(libc_a-sbrkr.o)
 .ARM.attributes
                0x000008cb       0x1c /Applications/STM32CubeIDE.app/Contents/Eclipse/plugins/com.st.stm32cube.ide.mcu.externaltools.gnu-tools-for-stm32.13.3.rel1.macos64_1.0.0.202411102158/tools/bin/../lib/gcc/arm-none-eabi/13.3.1/../../../../arm-none-eabi/lib/thumb/v7e-m+fp/hard/libc_nano.a(libc_a-memchr.o)
 .ARM.attributes
                0x000008e7       0x34 /Applications/STM32CubeIDE.app/Contents/Eclipse/plugins/com.st.stm32cube.ide.mcu.externaltools.gnu-tools-for-stm32.13.3.rel1.macos64_1.0.0.202411102158/tools/bin/../lib/gcc/arm-none-eabi/13.3.1/../../../../arm-none-eabi/lib/thumb/v7e-m+fp/hard/libc_nano.a(libc_a-msizer.o)
 .ARM.attributes
                0x0000091b       0x22 /Applications/STM32CubeIDE.app/Contents/Eclipse/plugins/com.st.stm32cube.ide.mcu.externaltools.gnu-tools-for-stm32.13.3.rel1.macos64_1.0.0.202411102158/tools/bin/../lib/gcc/arm-none-eabi/13.3.1/thumb/v7e-m+fp/hard/libgcc.a(_aeabi_uldivmod.o)
 .ARM.attributes
                0x0000093d       0x34 /Applications/STM32CubeIDE.app/Contents/Eclipse/plugins/com.st.stm32cube.ide.mcu.externaltools.gnu-tools-for-stm32.13.3.rel1.macos64_1.0.0.202411102158/tools/bin/../lib/gcc/arm-none-eabi/13.3.1/thumb/v7e-m+fp/hard/libgcc.a(_udivmoddi4.o)
 .ARM.attributes
                0x00000971       0x22 /Applications/STM32CubeIDE.app/Contents/Eclipse/plugins/com.st.stm32cube.ide.mcu.externaltools.gnu-tools-for-stm32.13.3.rel1.macos64_1.0.0.202411102158/tools/bin/../lib/gcc/arm-none-eabi/13.3.1/thumb/v7e-m+fp/hard/libgcc.a(_dvmd_tls.o)
 .ARM.attributes
                0x00000993       0x22 /Applications/STM32CubeIDE.app/Contents/Eclipse/plugins/com.st.stm32cube.ide.mcu.externaltools.gnu-tools-for-stm32.13.3.rel1.macos64_1.0.0.202411102158/tools/bin/../lib/gcc/arm-none-eabi/13.3.1/thumb/v7e-m+fp/hard/crtn.o
OUTPUT(MST-FreeRTOS.elf elf32-littlearm)
LOAD linker stubs
LOAD /Applications/STM32CubeIDE.app/Contents/Eclipse/plugins/com.st.stm32cube.ide.mcu.externaltools.gnu-tools-for-stm32.13.3.rel1.macos64_1.0.0.202411102158/tools/bin/../lib/gcc/arm-none-eabi/13.3.1/../../../../arm-none-eabi/lib/thumb/v7e-m+fp/hard/libc.a
LOAD /Applications/STM32CubeIDE.app/Contents/Eclipse/plugins/com.st.stm32cube.ide.mcu.externaltools.gnu-tools-for-stm32.13.3.rel1.macos64_1.0.0.202411102158/tools/bin/../lib/gcc/arm-none-eabi/13.3.1/../../../../arm-none-eabi/lib/thumb/v7e-m+fp/hard/libm.a
LOAD /Applications/STM32CubeIDE.app/Contents/Eclipse/plugins/com.st.stm32cube.ide.mcu.externaltools.gnu-tools-for-stm32.13.3.rel1.macos64_1.0.0.202411102158/tools/bin/../lib/gcc/arm-none-eabi/13.3.1/thumb/v7e-m+fp/hard/libgcc.a

.debug_info     0x00000000    0x1a1dc
 .debug_info    0x00000000      0xf2a ./Core/Src/MSTScheduler.o
 .debug_info    0x00000f2a      0x6ac ./Core/Src/freertos.o
 .debug_info    0x000015d6     0x14e1 ./Core/Src/main.o
 .debug_info    0x00002ab7      0xf7d ./Core/Src/stm32f4xx_hal_msp.o
 .debug_info    0x00003a34      0xb6f ./Core/Src/stm32f4xx_hal_timebase_tim.o
 .debug_info    0x000045a3      0x9a7 ./Core/Src/stm32f4xx_it.o
 .debug_info    0x00004f4a      0x168 ./Core/Src/sysmem.o
 .debug_info    0x000050b2      0x53e ./Core/Src/system_stm32f4xx.o
 .debug_info    0x000055f0       0x30 ./Core/Startup/startup_stm32f401retx.o
 .debug_info    0x00005620      0x8bb ./Drivers/STM32F4xx_HAL_Driver/Src/stm32f4xx_hal.o
 .debug_info    0x00005edb      0xcf6 ./Drivers/STM32F4xx_HAL_Driver/Src/stm32f4xx_hal_cortex.o
 .debug_info    0x00006bd1      0x8e6 ./Drivers/STM32F4xx_HAL_Driver/Src/stm32f4xx_hal_dma.o
 .debug_info    0x000074b7      0x6f9 ./Drivers/STM32F4xx_HAL_Driver/Src/stm32f4xx_hal_gpio.o
 .debug_info    0x00007bb0      0x8f1 ./Drivers/STM32F4xx_HAL_Driver/Src/stm32f4xx_hal_rcc.o
 .debug_info    0x000084a1     0x2996 ./Drivers/STM32F4xx_HAL_Driver/Src/stm32f4xx_hal_tim.o
 .debug_info    0x0000ae37     0x14d4 ./Drivers/STM32F4xx_HAL_Driver/Src/stm32f4xx_hal_tim_ex.o
 .debug_info    0x0000c30b     0x2f56 ./Drivers/STM32F4xx_HAL_Driver/Src/stm32f4xx_hal_uart.o
 .debug_info    0x0000f261     0x40ad ./Middlewares/Third_Party/FreeRTOS/Source/CMSIS_RTOS_V2/cmsis_os2.o
 .debug_info    0x0001330e      0x2af ./Middlewares/Third_Party/FreeRTOS/Source/list.o
 .debug_info    0x000135bd     0x1b79 ./Middlewares/Third_Party/FreeRTOS/Source/queue.o
 .debug_info    0x00015136     0x2b69 ./Middlewares/Third_Party/FreeRTOS/Source/tasks.o
 .debug_info    0x00017c9f     0x1b8a ./Middlewares/Third_Party/FreeRTOS/Source/timers.o
 .debug_info    0x00019829      0x4de ./Middlewares/Third_Party/FreeRTOS/Source/portable/GCC/ARM_CM4F/port.o
 .debug_info    0x00019d07      0x4d5 ./Middlewares/Third_Party/FreeRTOS/Source/portable/MemMang/heap_4.o

.debug_abbrev   0x00000000     0x3a67
 .debug_abbrev  0x00000000      0x393 ./Core/Src/MSTScheduler.o
 .debug_abbrev  0x00000393      0x1a5 ./Core/Src/freertos.o
 .debug_abbrev  0x00000538      0x34f ./Core/Src/main.o
 .debug_abbrev  0x00000887      0x21d ./Core/Src/stm32f4xx_hal_msp.o
 .debug_abbrev  0x00000aa4      0x207 ./Core/Src/stm32f4xx_hal_timebase_tim.o
 .debug_abbrev  0x00000cab      0x19b ./Core/Src/stm32f4xx_it.o
 .debug_abbrev  0x00000e46       0xbc ./Core/Src/sysmem.o
 .debug_abbrev  0x00000f02      0x11a ./Core/Src/system_stm32f4xx.o
 .debug_abbrev  0x0000101c       0x24 ./Core/Startup/startup_stm32f401retx.o
 .debug_abbrev  0x00001040      0x24b ./Drivers/STM32F4xx_HAL_Driver/Src/stm32f4xx_hal.o
 .debug_abbrev  0x0000128b      0x31d ./Drivers/STM32F4xx_HAL_Driver/Src/stm32f4xx_hal_cortex.o
 .debug_abbrev  0x000015a8      0x221 ./Drivers/STM32F4xx_HAL_Driver/Src/stm32f4xx_hal_dma.o
 .debug_abbrev  0x000017c9      0x1d3 ./Drivers/STM32F4xx_HAL_Driver/Src/stm32f4xx_hal_gpio.o
 .debug_abbrev  0x0000199c      0x2b6 ./Drivers/STM32F4xx_HAL_Driver/Src/stm32f4xx_hal_rcc.o
 .debug_abbrev  0x00001c52      0x28b ./Drivers/STM32F4xx_HAL_Driver/Src/stm32f4xx_hal_tim.o
 .debug_abbrev  0x00001edd      0x296 ./Drivers/STM32F4xx_HAL_Driver/Src/stm32f4xx_hal_tim_ex.o
 .debug_abbrev  0x00002173      0x31b ./Drivers/STM32F4xx_HAL_Driver/Src/stm32f4xx_hal_uart.o
 .debug_abbrev  0x0000248e      0x548 ./Middlewares/Third_Party/FreeRTOS/Source/CMSIS_RTOS_V2/cmsis_os2.o
 .debug_abbrev  0x000029d6       0xf5 ./Middlewares/Third_Party/FreeRTOS/Source/list.o
 .debug_abbrev  0x00002acb      0x3b6 ./Middlewares/Third_Party/FreeRTOS/Source/queue.o
 .debug_abbrev  0x00002e81      0x405 ./Middlewares/Third_Party/FreeRTOS/Source/tasks.o
 .debug_abbrev  0x00003286      0x368 ./Middlewares/Third_Party/FreeRTOS/Source/timers.o
 .debug_abbrev  0x000035ee      0x25c ./Middlewares/Third_Party/FreeRTOS/Source/portable/GCC/ARM_CM4F/port.o
 .debug_abbrev  0x0000384a      0x21d ./Middlewares/Third_Party/FreeRTOS/Source/portable/MemMang/heap_4.o

.debug_aranges  0x00000000     0x15a0
 .debug_aranges
                0x00000000       0x88 ./Core/Src/MSTScheduler.o
 .debug_aranges
                0x00000088       0x28 ./Core/Src/freertos.o
 .debug_aranges
                0x000000b0       0x98 ./Core/Src/main.o
 .debug_aranges
                0x00000148       0x40 ./Core/Src/stm32f4xx_hal_msp.o
 .debug_aranges
                0x00000188       0x30 ./Core/Src/stm32f4xx_hal_timebase_tim.o
 .debug_aranges
                0x000001b8       0x68 ./Core/Src/stm32f4xx_it.o
 .debug_aranges
                0x00000220       0x20 ./Core/Src/sysmem.o
 .debug_aranges
                0x00000240       0x28 ./Core/Src/system_stm32f4xx.o
 .debug_aranges
                0x00000268       0x28 ./Core/Startup/startup_stm32f401retx.o
 .debug_aranges
                0x00000290       0xf0 ./Drivers/STM32F4xx_HAL_Driver/Src/stm32f4xx_hal.o
 .debug_aranges
                0x00000380      0x130 ./Drivers/STM32F4xx_HAL_Driver/Src/stm32f4xx_hal_cortex.o
 .debug_aranges
                0x000004b0       0x90 ./Drivers/STM32F4xx_HAL_Driver/Src/stm32f4xx_hal_dma.o
 .debug_aranges
                0x00000540       0x58 ./Drivers/STM32F4xx_HAL_Driver/Src/stm32f4xx_hal_gpio.o
 .debug_aranges
                0x00000598       0x88 ./Drivers/STM32F4xx_HAL_Driver/Src/stm32f4xx_hal_rcc.o
 .debug_aranges
                0x00000620      0x3d0 ./Drivers/STM32F4xx_HAL_Driver/Src/stm32f4xx_hal_tim.o
 .debug_aranges
                0x000009f0      0x168 ./Drivers/STM32F4xx_HAL_Driver/Src/stm32f4xx_hal_tim_ex.o
 .debug_aranges
                0x00000b58      0x208 ./Drivers/STM32F4xx_HAL_Driver/Src/stm32f4xx_hal_uart.o
 .debug_aranges
                0x00000d60      0x2b0 ./Middlewares/Third_Party/FreeRTOS/Source/CMSIS_RTOS_V2/cmsis_os2.o
 .debug_aranges
                0x00001010       0x40 ./Middlewares/Third_Party/FreeRTOS/Source/list.o
 .debug_aranges
                0x00001050      0x158 ./Middlewares/Third_Party/FreeRTOS/Source/queue.o
 .debug_aranges
                0x000011a8      0x230 ./Middlewares/Third_Party/FreeRTOS/Source/tasks.o
 .debug_aranges
                0x000013d8       0xf0 ./Middlewares/Third_Party/FreeRTOS/Source/timers.o
 .debug_aranges
                0x000014c8       0x80 ./Middlewares/Third_Party/FreeRTOS/Source/portable/GCC/ARM_CM4F/port.o
 .debug_aranges
                0x00001548       0x58 ./Middlewares/Third_Party/FreeRTOS/Source/portable/MemMang/heap_4.o

.debug_rnglists
                0x00000000     0x10c8
 .debug_rnglists
                0x00000000       0x68 ./Core/Src/MSTScheduler.o
 .debug_rnglists
                0x00000068       0x19 ./Core/Src/freertos.o
 .debug_rnglists
                0x00000081       0x70 ./Core/Src/main.o
 .debug_rnglists
                0x000000f1       0x2c ./Core/Src/stm32f4xx_hal_msp.o
 .debug_rnglists
                0x0000011d       0x20 ./Core/Src/stm32f4xx_hal_timebase_tim.o
 .debug_rnglists
                0x0000013d       0x49 ./Core/Src/stm32f4xx_it.o
 .debug_rnglists
                0x00000186       0x13 ./Core/Src/sysmem.o
 .debug_rnglists
                0x00000199       0x1a ./Core/Src/system_stm32f4xx.o
 .debug_rnglists
                0x000001b3       0x19 ./Core/Startup/startup_stm32f401retx.o
 .debug_rnglists
                0x000001cc       0xaf ./Drivers/STM32F4xx_HAL_Driver/Src/stm32f4xx_hal.o
 .debug_rnglists
                0x0000027b       0xe0 ./Drivers/STM32F4xx_HAL_Driver/Src/stm32f4xx_hal_cortex.o
 .debug_rnglists
                0x0000035b       0x70 ./Drivers/STM32F4xx_HAL_Driver/Src/stm32f4xx_hal_dma.o
 .debug_rnglists
                0x000003cb       0x3f ./Drivers/STM32F4xx_HAL_Driver/Src/stm32f4xx_hal_gpio.o
 .debug_rnglists
                0x0000040a       0x66 ./Drivers/STM32F4xx_HAL_Driver/Src/stm32f4xx_hal_rcc.o
 .debug_rnglists
                0x00000470      0x31a ./Drivers/STM32F4xx_HAL_Driver/Src/stm32f4xx_hal_tim.o
 .debug_rnglists
                0x0000078a      0x125 ./Drivers/STM32F4xx_HAL_Driver/Src/stm32f4xx_hal_tim_ex.o
 .debug_rnglists
                0x000008af      0x1bc ./Drivers/STM32F4xx_HAL_Driver/Src/stm32f4xx_hal_uart.o
 .debug_rnglists
                0x00000a6b      0x212 ./Middlewares/Third_Party/FreeRTOS/Source/CMSIS_RTOS_V2/cmsis_os2.o
 .debug_rnglists
                0x00000c7d       0x2b ./Middlewares/Third_Party/FreeRTOS/Source/list.o
 .debug_rnglists
                0x00000ca8      0x109 ./Middlewares/Third_Party/FreeRTOS/Source/queue.o
 .debug_rnglists
                0x00000db1      0x1c0 ./Middlewares/Third_Party/FreeRTOS/Source/tasks.o
 .debug_rnglists
                0x00000f71       0xb8 ./Middlewares/Third_Party/FreeRTOS/Source/timers.o
 .debug_rnglists
                0x00001029       0x5d ./Middlewares/Third_Party/FreeRTOS/Source/portable/GCC/ARM_CM4F/port.o
 .debug_rnglists
                0x00001086       0x42 ./Middlewares/Third_Party/FreeRTOS/Source/portable/MemMang/heap_4.o

.debug_macro    0x00000000    0x1921a
 .debug_macro   0x00000000      0x3ee ./Core/Src/MSTScheduler.o
 .debug_macro   0x000003ee      0xad8 ./Core/Src/MSTScheduler.o
 .debug_macro   0x00000ec6      0x190 ./Core/Src/MSTScheduler.o
 .debug_macro   0x00001056       0x22 ./Core/Src/MSTScheduler.o
 .debug_macro   0x00001078       0x8e ./Core/Src/MSTScheduler.o
 .debug_macro   0x00001106       0x51 ./Core/Src/MSTScheduler.o
 .debug_macro   0x00001157      0x103 ./Core/Src/MSTScheduler.o
 .debug_macro   0x0000125a       0x6a ./Core/Src/MSTScheduler.o
 .debug_macro   0x000012c4      0x1df ./Core/Src/MSTScheduler.o
 .debug_macro   0x000014a3      0x1a1 ./Core/Src/MSTScheduler.o
 .debug_macro   0x00001644      0x15a ./Core/Src/MSTScheduler.o
 .debug_macro   0x0000179e       0xc9 ./Core/Src/MSTScheduler.o
 .debug_macro   0x00001867       0x1c ./Core/Src/MSTScheduler.o
 .debug_macro   0x00001883       0x26 ./Core/Src/MSTScheduler.o
 .debug_macro   0x000018a9       0x61 ./Core/Src/MSTScheduler.o
 .debug_macro   0x0000190a       0x2a ./Core/Src/MSTScheduler.o
 .debug_macro   0x00001934       0x43 ./Core/Src/MSTScheduler.o
 .debug_macro   0x00001977       0x34 ./Core/Src/MSTScheduler.o
 .debug_macro   0x000019ab      0x370 ./Core/Src/MSTScheduler.o
 .debug_macro   0x00001d1b       0x16 ./Core/Src/MSTScheduler.o
 .debug_macro   0x00001d31       0x4a ./Core/Src/MSTScheduler.o
 .debug_macro   0x00001d7b       0x34 ./Core/Src/MSTScheduler.o
 .debug_macro   0x00001daf       0x10 ./Core/Src/MSTScheduler.o
 .debug_macro   0x00001dbf       0x58 ./Core/Src/MSTScheduler.o
 .debug_macro   0x00001e17       0x8e ./Core/Src/MSTScheduler.o
 .debug_macro   0x00001ea5       0x1c ./Core/Src/MSTScheduler.o
 .debug_macro   0x00001ec1      0x185 ./Core/Src/MSTScheduler.o
 .debug_macro   0x00002046       0x10 ./Core/Src/MSTScheduler.o
 .debug_macro   0x00002056       0x3c ./Core/Src/MSTScheduler.o
 .debug_macro   0x00002092      0x495 ./Core/Src/MSTScheduler.o
 .debug_macro   0x00002527       0xb5 ./Core/Src/MSTScheduler.o
 .debug_macro   0x000025dc       0xaa ./Core/Src/MSTScheduler.o